Component: ARM Compiler 5.06 update 6 (build 750) Tool: armlink [4d35ed]

==============================================================================

Section Cross References

    startup_stm32f103xe.o(RESET) refers to startup_stm32f103xe.o(STACK) for __initial_sp
    startup_stm32f103xe.o(RESET) refers to startup_stm32f103xe.o(.text) for Reset_Handler
    startup_stm32f103xe.o(RESET) refers to stm32f1xx_it.o(i.NMI_Handler) for NMI_Handler
    startup_stm32f103xe.o(RESET) refers to stm32f1xx_it.o(i.HardFault_Handler) for HardFault_Handler
    startup_stm32f103xe.o(RESET) refers to stm32f1xx_it.o(i.MemManage_Handler) for MemManage_Handler
    startup_stm32f103xe.o(RESET) refers to stm32f1xx_it.o(i.BusFault_Handler) for BusFault_Handler
    startup_stm32f103xe.o(RESET) refers to stm32f1xx_it.o(i.UsageFault_Handler) for UsageFault_Handler
    startup_stm32f103xe.o(RESET) refers to stm32f1xx_it.o(i.SVC_Handler) for SVC_Handler
    startup_stm32f103xe.o(RESET) refers to stm32f1xx_it.o(i.DebugMon_Handler) for DebugMon_Handler
    startup_stm32f103xe.o(RESET) refers to stm32f1xx_it.o(i.PendSV_Handler) for PendSV_Handler
    startup_stm32f103xe.o(RESET) refers to stm32f1xx_it.o(i.SysTick_Handler) for SysTick_Handler
    startup_stm32f103xe.o(RESET) refers to stm32f1xx_it.o(i.DMA1_Channel3_IRQHandler) for DMA1_Channel3_IRQHandler
    startup_stm32f103xe.o(RESET) refers to stm32f1xx_it.o(i.DMA1_Channel5_IRQHandler) for DMA1_Channel5_IRQHandler
    startup_stm32f103xe.o(RESET) refers to stm32f1xx_it.o(i.DMA1_Channel6_IRQHandler) for DMA1_Channel6_IRQHandler
    startup_stm32f103xe.o(RESET) refers to stm32f1xx_it.o(i.USB_HP_CAN1_TX_IRQHandler) for USB_HP_CAN1_TX_IRQHandler
    startup_stm32f103xe.o(RESET) refers to stm32f1xx_it.o(i.USB_LP_CAN1_RX0_IRQHandler) for USB_LP_CAN1_RX0_IRQHandler
    startup_stm32f103xe.o(RESET) refers to stm32f1xx_it.o(i.TIM1_UP_IRQHandler) for TIM1_UP_IRQHandler
    startup_stm32f103xe.o(RESET) refers to stm32f1xx_it.o(i.USART1_IRQHandler) for USART1_IRQHandler
    startup_stm32f103xe.o(RESET) refers to stm32f1xx_it.o(i.USART2_IRQHandler) for USART2_IRQHandler
    startup_stm32f103xe.o(RESET) refers to stm32f1xx_it.o(i.USART3_IRQHandler) for USART3_IRQHandler
    startup_stm32f103xe.o(RESET) refers to stm32f1xx_it.o(i.TIM8_UP_IRQHandler) for TIM8_UP_IRQHandler
    startup_stm32f103xe.o(RESET) refers to stm32f1xx_it.o(i.TIM6_IRQHandler) for TIM6_IRQHandler
    startup_stm32f103xe.o(RESET) refers to stm32f1xx_it.o(i.TIM7_IRQHandler) for TIM7_IRQHandler
    startup_stm32f103xe.o(.text) refers to system_stm32f1xx.o(i.SystemInit) for SystemInit
    startup_stm32f103xe.o(.text) refers to entry.o(.ARM.Collect$$$$00000000) for __main
    main.o(i.HAL_TIM_PeriodElapsedCallback) refers to cylib_step_motor.o(i.cylib_step_motor_timer_callback0) for cylib_step_motor_timer_callback0
    main.o(i.HAL_TIM_PeriodElapsedCallback) refers to cylib_step_motor.o(i.cylib_step_motor_timer_callback1) for cylib_step_motor_timer_callback1
    main.o(i.HAL_TIM_PeriodElapsedCallback) refers to cylib_step_motor.o(i.cylib_step_motor_timer_callback2) for cylib_step_motor_timer_callback2
    main.o(i.HAL_UART_RxCpltCallback) refers to cylib_serial.o(i.cylib_serial_rx_callback) for cylib_serial_rx_callback
    main.o(i.SystemClock_Config) refers to memseta.o(.text) for __aeabi_memclr4
    main.o(i.SystemClock_Config) refers to stm32f1xx_hal_rcc.o(i.HAL_RCC_OscConfig) for HAL_RCC_OscConfig
    main.o(i.SystemClock_Config) refers to main.o(i.Error_Handler) for Error_Handler
    main.o(i.SystemClock_Config) refers to stm32f1xx_hal_rcc.o(i.HAL_RCC_ClockConfig) for HAL_RCC_ClockConfig
    main.o(i.main) refers to stm32f1xx_hal.o(i.HAL_Init) for HAL_Init
    main.o(i.main) refers to main.o(i.SystemClock_Config) for SystemClock_Config
    main.o(i.main) refers to gpio.o(i.MX_GPIO_Init) for MX_GPIO_Init
    main.o(i.main) refers to dma.o(i.MX_DMA_Init) for MX_DMA_Init
    main.o(i.main) refers to can.o(i.MX_CAN_Init) for MX_CAN_Init
    main.o(i.main) refers to usart.o(i.MX_USART1_UART_Init) for MX_USART1_UART_Init
    main.o(i.main) refers to usart.o(i.MX_USART2_UART_Init) for MX_USART2_UART_Init
    main.o(i.main) refers to usart.o(i.MX_USART3_UART_Init) for MX_USART3_UART_Init
    main.o(i.main) refers to tim.o(i.MX_TIM2_Init) for MX_TIM2_Init
    main.o(i.main) refers to tim.o(i.MX_TIM3_Init) for MX_TIM3_Init
    main.o(i.main) refers to tim.o(i.MX_TIM4_Init) for MX_TIM4_Init
    main.o(i.main) refers to tim.o(i.MX_TIM5_Init) for MX_TIM5_Init
    main.o(i.main) refers to tim.o(i.MX_TIM6_Init) for MX_TIM6_Init
    main.o(i.main) refers to tim.o(i.MX_TIM7_Init) for MX_TIM7_Init
    main.o(i.main) refers to tim.o(i.MX_TIM8_Init) for MX_TIM8_Init
    main.o(i.main) refers to tim.o(i.MX_TIM1_Init) for MX_TIM1_Init
    main.o(i.main) refers to stm32f1xx_hal_tim.o(i.HAL_TIM_Base_Start) for HAL_TIM_Base_Start
    main.o(i.main) refers to cylib.o(i.cylib_init) for cylib_init
[...]
    UART_EndTxTransfer                       0x0800465f   Thumb Code    20  stm32f1xx_hal_uart.o(i.UART_EndTxTransfer)
    i.UART_Receive_IT                        0x08004672   Section        0  stm32f1xx_hal_uart.o(i.UART_Receive_IT)
    UART_Receive_IT                          0x08004673   Thumb Code   166  stm32f1xx_hal_uart.o(i.UART_Receive_IT)
    i.UART_SetConfig                         0x08004718   Section        0  stm32f1xx_hal_uart.o(i.UART_SetConfig)
    UART_SetConfig                           0x08004719   Thumb Code   450  stm32f1xx_hal_uart.o(i.UART_SetConfig)
    i.UART_Transmit_IT                       0x080048e0   Section        0  stm32f1xx_hal_uart.o(i.UART_Transmit_IT)
    UART_Transmit_IT                         0x080048e1   Thumb Code   104  stm32f1xx_hal_uart.o(i.UART_Transmit_IT)
    i.UART_WaitOnFlagUntilTimeout            0x08004948   Section        0  stm32f1xx_hal_uart.o(i.UART_WaitOnFlagUntilTimeout)
    UART_WaitOnFlagUntilTimeout              0x08004949   Thumb Code   108  stm32f1xx_hal_uart.o(i.UART_WaitOnFlagUntilTimeout)
    i.USART1_IRQHandler                      0x080049b4   Section        0  stm32f1xx_it.o(i.USART1_IRQHandler)
    i.USART2_IRQHandler                      0x080049c4   Section        0  stm32f1xx_it.o(i.USART2_IRQHandler)
    i.USART3_IRQHandler                      0x080049d4   Section        0  stm32f1xx_it.o(i.USART3_IRQHandler)
    i.USB_HP_CAN1_TX_IRQHandler              0x080049e4   Section        0  stm32f1xx_it.o(i.USB_HP_CAN1_TX_IRQHandler)
    i.USB_LP_CAN1_RX0_IRQHandler             0x080049f4   Section        0  stm32f1xx_it.o(i.USB_LP_CAN1_RX0_IRQHandler)
    i.UsageFault_Handler                     0x08004a04   Section        0  stm32f1xx_it.o(i.UsageFault_Handler)
    i.__0printf                              0x08004a08   Section        0  printfa.o(i.__0printf)
    i.__ARM_fpclassify                       0x08004a28   Section        0  fpclassify.o(i.__ARM_fpclassify)
    i.__kernel_poly                          0x08004a50   Section        0  poly.o(i.__kernel_poly)
    i.__mathlib_dbl_infnan                   0x08004afa   Section        0  dunder.o(i.__mathlib_dbl_infnan)
    i.__mathlib_dbl_infnan2                  0x08004b00   Section        0  dunder.o(i.__mathlib_dbl_infnan2)
    i.__mathlib_dbl_invalid                  0x08004b04   Section        0  dunder.o(i.__mathlib_dbl_invalid)
    i.__mathlib_dbl_underflow                0x08004b10   Section        0  dunder.o(i.__mathlib_dbl_underflow)
    i.__mathlib_flt_infnan                   0x08004b20   Section        0  funder.o(i.__mathlib_flt_infnan)
    i.__mathlib_flt_invalid                  0x08004b26   Section        0  funder.o(i.__mathlib_flt_invalid)
    i.__scatterload_copy                     0x08004b2e   Section       14  handlers.o(i.__scatterload_copy)
    i.__scatterload_null                     0x08004b3c   Section        2  handlers.o(i.__scatterload_null)
    i.__scatterload_zeroinit                 0x08004b3e   Section       14  handlers.o(i.__scatterload_zeroinit)
    i.__set_errno                            0x08004b4c   Section        0  errno.o(i.__set_errno)
    i._fp_digits                             0x08004b58   Section        0  printfa.o(i._fp_digits)
    _fp_digits                               0x08004b59   Thumb Code   366  printfa.o(i._fp_digits)
    i._is_digit                              0x08004cdc   Section        0  scanf_fp.o(i._is_digit)
    i._printf_core                           0x08004cec   Section        0  printfa.o(i._printf_core)
    _printf_core                             0x08004ced   Thumb Code  1744  printfa.o(i._printf_core)
    i._printf_post_padding                   0x080053c8   Section        0  printfa.o(i._printf_post_padding)
    _printf_post_padding                     0x080053c9   Thumb Code    36  printfa.o(i._printf_post_padding)
    i._printf_pre_padding                    0x080053ec   Section        0  printfa.o(i._printf_pre_padding)
    _printf_pre_padding                      0x080053ed   Thumb Code    46  printfa.o(i._printf_pre_padding)
    i.acos                                   0x0800541c   Section        0  acos.o(i.acos)
    i.acosf                                  0x08005698   Section        0  acosf.o(i.acosf)
    i.atan                                   0x080057b4   Section        0  atan.o(i.atan)
    i.atan2                                  0x080059d4   Section        0  atan2.o(i.atan2)
    i.cylib_abb_calc                         0x08005b54   Section        0  cylib_abb.o(i.cylib_abb_calc)
    i.cylib_abb_init                         0x08006138   Section        0  cylib_abb.o(i.cylib_abb_init)
    i.cylib_angle_get                        0x0800613c   Section        0  cylib_angle.o(i.cylib_angle_get)
    i.cylib_angle_init                       0x08006184   Section        0  cylib_angle.o(i.cylib_angle_init)
    i.cylib_angle_update                     0x080061a8   Section        0  cylib_angle.o(i.cylib_angle_update)
    i.cylib_b_calc                           0x080061e0   Section        0  b.o(i.cylib_b_calc)
    i.cylib_b_move                           0x080066c4   Section        0  b.o(i.cylib_b_move)
    i.cylib_can_init                         0x080068a8   Section        0  cylib_can.o(i.cylib_can_init)
    i.cylib_controller_init                  0x080068ec   Section        0  cylib_controller.o(i.cylib_controller_init)
    i.cylib_controller_move                  0x080068f0   Section        0  cylib_controller.o(i.cylib_controller_move)
    i.cylib_gcoder_decoder                   0x08006ae8   Section        0  cylib_gcoder.o(i.cylib_gcoder_decoder)
    i.cylib_gcoder_decoder_g                 0x08006b94   Section        0  cylib_gcoder.o(i.cylib_gcoder_decoder_g)
    i.cylib_gcoder_decoder_m                 0x08006d08   Section        0  cylib_gcoder.o(i.cylib_gcoder_decoder_m)
    i.cylib_gcoder_decoder_p                 0x08006d48   Section        0  cylib_gcoder.o(i.cylib_gcoder_decoder_p)
    i.cylib_gcoder_init                      0x08006e74   Section        0  cylib_gcoder.o(i.cylib_gcoder_init)
    i.cylib_gcoder_low_to_high               0x08006e76   Section        0  cylib_gcoder.o(i.cylib_gcoder_low_to_high)
    i.cylib_gcoder_polling                   0x08006ea6   Section        0  cylib_gcoder.o(i.cylib_gcoder_polling)
    i.cylib_init                             0x08006eae   Section        0  cylib.o(i.cylib_init)
    i.cylib_location_init                    0x08006ed8   Section        0  cylib_location.o(i.cylib_location_init)
    i.cylib_location_set                     0x08006ee8   Section        0  cylib_location.o(i.cylib_location_set)
    i.cylib_serial_init                      0x08006f1c   Section        0  cylib_serial.o(i.cylib_serial_init)
    i.cylib_serial_read                      0x08006f58   Section        0  cylib_serial.o(i.cylib_serial_read)
    i.cylib_serial_rx_callback               0x08006fc8   Section        0  cylib_serial.o(i.cylib_serial_rx_callback)
    i.cylib_step_motor_block_wait_for_all    0x08007000   Section        0  cylib_step_motor.o(i.cylib_step_motor_block_wait_for_all)
    i.cylib_step_motor_init                  0x08007028   Section        0  cylib_step_motor.o(i.cylib_step_motor_init)
    i.cylib_step_motor_io_write              0x080070f8   Section        0  cylib_step_motor.o(i.cylib_step_motor_io_write)
    i.cylib_step_motor_run_async_motor0      0x0800710c   Section        0  cylib_step_motor.o(i.cylib_step_motor_run_async_motor0)
    i.cylib_step_motor_run_async_motor1      0x08007184   Section        0  cylib_step_motor.o(i.cylib_step_motor_run_async_motor1)
    i.cylib_step_motor_run_async_motor2      0x0800720c   Section        0  cylib_step_motor.o(i.cylib_step_motor_run_async_motor2)
    i.cylib_step_motor_timer_callback        0x08007298   Section        0  cylib_step_motor.o(i.cylib_step_motor_timer_callback)
    i.cylib_step_motor_timer_callback0       0x080074e0   Section        0  cylib_step_motor.o(i.cylib_step_motor_timer_callback0)
    i.cylib_step_motor_timer_callback1       0x080074ea   Section        0  cylib_step_motor.o(i.cylib_step_motor_timer_callback1)
    i.cylib_step_motor_timer_callback2       0x080074f4   Section        0  cylib_step_motor.o(i.cylib_step_motor_timer_callback2)
    i.cylib_step_motor_timer_config          0x080074fe   Section        0  cylib_step_motor.o(i.cylib_step_motor_timer_config)
    i.cylib_switch_get_status                0x08007578   Section        0  cylib_switch.o(i.cylib_switch_get_status)
    i.cylib_switch_init                      0x080075ac   Section        0  cylib_switch.o(i.cylib_switch_init)
    i.fputc                                  0x080075b0   Section        0  cylib_serial.o(i.fputc)
    i.main                                   0x080075d0   Section        0  main.o(i.main)
    i.ring_buffer_dequeue                    0x08007750   Section        0  cylib_ringbuffer.o(i.ring_buffer_dequeue)
    i.ring_buffer_dequeue_arr                0x0800777c   Section        0  cylib_ringbuffer.o(i.ring_buffer_dequeue_arr)
    i.ring_buffer_is_empty                   0x080077b4   Section        0  cylib_ringbuffer.o(i.ring_buffer_is_empty)
    i.ring_buffer_is_full                    0x080077ca   Section        0  cylib_ringbuffer.o(i.ring_buffer_is_full)
    i.ring_buffer_queue                      0x080077e6   Section        0  cylib_ringbuffer.o(i.ring_buffer_queue)
    i.sqrt                                   0x08007818   Section        0  sqrt.o(i.sqrt)
    i.sqrtf                                  0x08007864   Section        0  sqrtf.o(i.sqrtf)
    i.user_delay_us                          0x08007890   Section        0  main.o(i.user_delay_us)
    i.user_timestamp                         0x080078c0   Section        0  main.o(i.user_timestamp)
    .constdata                               0x080078fc   Section       24  system_stm32f1xx.o(.constdata)
    .constdata                               0x08007918   Section       80  acos.o(.constdata)
    pS                                       0x08007918   Data          48  acos.o(.constdata)
    qS                                       0x08007948   Data          32  acos.o(.constdata)
    .constdata                               0x08007968   Section      152  atan.o(.constdata)
    atanhi                                   0x08007968   Data          32  atan.o(.constdata)
    atanlo                                   0x08007988   Data          32  atan.o(.constdata)
    aTodd                                    0x080079a8   Data          40  atan.o(.constdata)
    aTeven                                   0x080079d0   Data          48  atan.o(.constdata)
    .constdata                               0x08007a00   Section        8  qnan.o(.constdata)
    .constdata                               0x08007a08   Section       64  ctype_c.o(.constdata)
    .data                                    0x20000000   Section        9  stm32f1xx_hal.o(.data)
    .data                                    0x2000000c   Section        4  system_stm32f1xx.o(.data)
    .data                                    0x20000010   Section        4  cylib_gcoder.o(.data)
    .data                                    0x20000014   Section      348  cylib_step_motor.o(.data)
    .data                                    0x20000170   Section      804  cylib_serial.o(.data)
    .data                                    0x20000494   Section       32  cylib_switch.o(.data)
    .data                                    0x200004b4   Section        4  cylib_controller.o(.data)
    angle_history                            0x200004b4   Data           4  cylib_controller.o(.data)
    .data                                    0x200004b8   Section       12  b.o(.data)
    .data                                    0x200004c4   Section        4  stdout.o(.data)
    .data                                    0x200004c8   Section        4  errno.o(.data)
    _errno                                   0x200004c8   Data           4  errno.o(.data)
    .bss                                     0x200004cc   Section       40  can.o(.bss)
    .bss                                     0x200004f4   Section      512  tim.o(.bss)
    .bss                                     0x200006f4   Section      396  usart.o(.bss)
    .bss                                     0x20000880   Section      176  cylib_gcoder.o(.bss)
    point                                    0x20000924   Data          12  cylib_gcoder.o(.bss)
    .bss                                     0x20000930   Section       68  cylib_can.o(.bss)
    .bss                                     0x20000974   Section       48  cylib_angle.o(.bss)
    .bss                                     0x200009a4   Section       48  cylib_location.o(.bss)
    STACK                                    0x200009d8   Section     1024  startup_stm32f103xe.o(STACK)

    Global Symbols

    Symbol Name                              Value     Ov Type        Size  Object(Section)

    BuildAttributes$$THM_ISAv4$P$D$K$B$S$PE$A:L22UL41UL21$X:L11$S22US41US21$IEEE1$IW$USESV6$~STKCKD$USESV7$~SHL$OTIME$ROPI$IEEEX$EBA8$MICROLIB$REQ8$PRES8$EABIv2 0x00000000   Number         0  anon$$obj.o ABSOLUTE
    __ARM_use_no_argv                        0x00000000   Number         0  main.o ABSOLUTE
    _printf_a                                0x00000000   Number         0  stubs.o ABSOLUTE
    _printf_c                                0x00000000   Number         0  stubs.o ABSOLUTE
    _printf_charcount                        0x00000000   Number         0  stubs.o ABSOLUTE
    _printf_d                                0x00000000   Number         0  stubs.o ABSOLUTE
    _printf_e                                0x00000000   Number         0  stubs.o ABSOLUTE
    _printf_f                                0x00000000   Number         0  stubs.o ABSOLUTE
    _printf_flags                            0x00000000   Number         0  stubs.o ABSOLUTE
    _printf_fp_dec                           0x00000000   Number         0  stubs.o ABSOLUTE
    _printf_fp_hex                           0x00000000   Number         0  stubs.o ABSOLUTE
    _printf_g                                0x00000000   Number         0  stubs.o ABSOLUTE
    _printf_i                                0x00000000   Number         0  stubs.o ABSOLUTE
    _printf_int_dec                          0x00000000   Number         0  stubs.o ABSOLUTE
    _printf_l                                0x00000000   Number         0  stubs.o ABSOLUTE
    _printf_lc                               0x00000000   Number         0  stubs.o ABSOLUTE
    _printf_ll                               0x00000000   Number         0  stubs.o ABSOLUTE
    _printf_lld                              0x00000000   Number         0  stubs.o ABSOLUTE
    _printf_lli                              0x00000000   Number         0  stubs.o ABSOLUTE
    _printf_llo                              0x00000000   Number         0  stubs.o ABSOLUTE
    _printf_llu                              0x00000000   Number         0  stubs.o ABSOLUTE
    _printf_llx                              0x00000000   Number         0  stubs.o ABSOLUTE
    _printf_longlong_dec                     0x00000000   Number         0  stubs.o ABSOLUTE
    _printf_longlong_hex                     0x00000000   Number         0  stubs.o ABSOLUTE
    _printf_longlong_oct                     0x00000000   Number         0  stubs.o ABSOLUTE
    _printf_ls                               0x00000000   Number         0  stubs.o ABSOLUTE
    _printf_mbtowc                           0x00000000   Number         0  stubs.o ABSOLUTE
    _printf_n                                0x00000000   Number         0  stubs.o ABSOLUTE
    _printf_o                                0x00000000   Number         0  stubs.o ABSOLUTE
    _printf_p                                0x00000000   Number         0  stubs.o ABSOLUTE
    _printf_percent                          0x00000000   Number         0  stubs.o ABSOLUTE
    _printf_pre_padding                      0x00000000   Number         0  stubs.o ABSOLUTE
    _printf_return_value                     0x00000000   Number         0  stubs.o ABSOLUTE
    _printf_s                                0x00000000   Number         0  stubs.o ABSOLUTE
    _printf_sizespec                         0x00000000   Number         0  stubs.o ABSOLUTE
    _printf_str                              0x00000000   Number         0  stubs.o ABSOLUTE
    _printf_truncate_signed                  0x00000000   Number         0  stubs.o ABSOLUTE
    _printf_truncate_unsigned                0x00000000   Number         0  stubs.o ABSOLUTE
    _printf_u                                0x00000000   Number         0  stubs.o ABSOLUTE
    _printf_wc                               0x00000000   Number         0  stubs.o ABSOLUTE
    _printf_wctomb                           0x00000000   Number         0  stubs.o ABSOLUTE
    _printf_widthprec                        0x00000000   Number         0  stubs.o ABSOLUTE
    _printf_x                                0x00000000   Number         0  stubs.o ABSOLUTE
    __cpp_initialize__aeabi_                  - Undefined Weak Reference
    __cxa_finalize                            - Undefined Weak Reference
    _clock_init                               - Undefined Weak Reference
    _microlib_exit                            - Undefined Weak Reference
    _scanf_int                                - Undefined Weak Reference
    _scanf_longlong                           - Undefined Weak Reference
    _scanf_string                             - Undefined Weak Reference
    __Vectors_Size                           0x00000130   Number         0  startup_stm32f103xe.o ABSOLUTE
    __Vectors                                0x08000000   Data           4  startup_stm32f103xe.o(RESET)
    __Vectors_End                            0x08000130   Data           0  startup_stm32f103xe.o(RESET)
    __main                                   0x08000131   Thumb Code     0  entry.o(.ARM.Collect$$$$00000000)
    _main_stk                                0x08000131   Thumb Code     0  entry2.o(.ARM.Collect$$$$00000001)
    _main_scatterload                        0x08000135   Thumb Code     0  entry5.o(.ARM.Collect$$$$00000004)
    __main_after_scatterload                 0x08000139   Thumb Code     0  entry5.o(.ARM.Collect$$$$00000004)
    _main_clock                              0x08000139   Thumb Code     0  entry7b.o(.ARM.Collect$$$$00000008)
    _main_cpp_init                           0x08000139   Thumb Code     0  entry8b.o(.ARM.Collect$$$$0000000A)
    _main_init                               0x08000139   Thumb Code     0  entry9a.o(.ARM.Collect$$$$0000000B)
    __rt_final_cpp                           0x08000141   Thumb Code     0  entry10a.o(.ARM.Collect$$$$0000000D)
    __rt_final_exit                          0x08000141   Thumb Code     0  entry11a.o(.ARM.Collect$$$$0000000F)
    Reset_Handler                            0x08000145   Thumb Code     8  startup_stm32f103xe.o(.text)
    ADC1_2_IRQHandler                        0x0800015f   Thumb Code     0  startup_stm32f103xe.o(.text)
    ADC3_IRQHandler                          0x0800015f   Thumb Code     0  startup_stm32f103xe.o(.text)
    CAN1_RX1_IRQHandler                      0x0800015f   Thumb Code     0  startup_stm32f103xe.o(.text)
    CAN1_SCE_IRQHandler                      0x0800015f   Thumb Code     0  startup_stm32f103xe.o(.text)
    DMA1_Channel1_IRQHandler                 0x0800015f   Thumb Code     0  startup_stm32f103xe.o(.text)
    DMA1_Channel2_IRQHandler                 0x0800015f   Thumb Code     0  startup_stm32f103xe.o(.text)
    DMA1_Channel4_IRQHandler                 0x0800015f   Thumb Code     0  startup_stm32f103xe.o(.text)
    DMA1_Channel7_IRQHandler                 0x0800015f   Thumb Code     0  startup_stm32f103xe.o(.text)
    DMA2_Channel1_IRQHandler                 0x0800015f   Thumb Code     0  startup_stm32f103xe.o(.text)
    DMA2_Channel2_IRQHandler                 0x0800015f   Thumb Code     0  startup_stm32f103xe.o(.text)
    DMA2_Channel3_IRQHandler                 0x0800015f   Thumb Code     0  startup_stm32f103xe.o(.text)
    DMA2_Channel4_5_IRQHandler               0x0800015f   Thumb Code     0  startup_stm32f103xe.o(.text)
    EXTI0_IRQHandler                         0x0800015f   Thumb Code     0  startup_stm32f103xe.o(.text)
    EXTI15_10_IRQHandler                     0x0800015f   Thumb Code     0  startup_stm32f103xe.o(.text)
    EXTI1_IRQHandler                         0x0800015f   Thumb Code     0  startup_stm32f103xe.o(.text)
    EXTI2_IRQHandler                         0x0800015f   Thumb Code     0  startup_stm32f103xe.o(.text)
    EXTI3_IRQHandler                         0x0800015f   Thumb Code     0  startup_stm32f103xe.o(.text)
    EXTI4_IRQHandler                         0x0800015f   Thumb Code     0  startup_stm32f103xe.o(.text)
    EXTI9_5_IRQHandler                       0x0800015f   Thumb Code     0  startup_stm32f103xe.o(.text)
    FLASH_IRQHandler                         0x0800015f   Thumb Code     0  startup_stm32f103xe.o(.text)
    FSMC_IRQHandler                          0x0800015f   Thumb Code     0  startup_stm32f103xe.o(.text)
    I2C1_ER_IRQHandler                       0x0800015f   Thumb Code     0  startup_stm32f103xe.o(.text)
    I2C1_EV_IRQHandler                       0x0800015f   Thumb Code     0  startup_stm32f103xe.o(.text)
    I2C2_ER_IRQHandler                       0x0800015f   Thumb Code     0  startup_stm32f103xe.o(.text)
    I2C2_EV_IRQHandler                       0x0800015f   Thumb Code     0  startup_stm32f103xe.o(.text)
    PVD_IRQHandler                           0x0800015f   Thumb Code     0  startup_stm32f103xe.o(.text)
    RCC_IRQHandler                           0x0800015f   Thumb Code     0  startup_stm32f103xe.o(.text)
    RTC_Alarm_IRQHandler                     0x0800015f   Thumb Code     0  startup_stm32f103xe.o(.text)
    RTC_IRQHandler                           0x0800015f   Thumb Code     0  startup_stm32f103xe.o(.text)
    SDIO_IRQHandler                          0x0800015f   Thumb Code     0  startup_stm32f103xe.o(.text)
    SPI1_IRQHandler                          0x0800015f   Thumb Code     0  startup_stm32f103xe.o(.text)
    SPI2_IRQHandler                          0x0800015f   Thumb Code     0  startup_stm32f103xe.o(.text)
    SPI3_IRQHandler                          0x0800015f   Thumb Code     0  startup_stm32f103xe.o(.text)
    TAMPER_IRQHandler                        0x0800015f   Thumb Code     0  startup_stm32f103xe.o(.text)
    TIM1_BRK_IRQHandler                      0x0800015f   Thumb Code     0  startup_stm32f103xe.o(.text)
    TIM1_CC_IRQHandler                       0x0800015f   Thumb Code     0  startup_stm32f103xe.o(.text)
    TIM1_TRG_COM_IRQHandler                  0x0800015f   Thumb Code     0  startup_stm32f103xe.o(.text)
    TIM2_IRQHandler                          0x0800015f   Thumb Code     0  startup_stm32f103xe.o(.text)
    TIM3_IRQHandler                          0x0800015f   Thumb Code     0  startup_stm32f103xe.o(.text)
    TIM4_IRQHandler                          0x0800015f   Thumb Code     0  startup_stm32f103xe.o(.text)
    TIM5_IRQHandler                          0x0800015f   Thumb Code     0  startup_stm32f103xe.o(.text)
    TIM8_BRK_IRQHandler                      0x0800015f   Thumb Code     0  startup_stm32f103xe.o(.text)
    TIM8_CC_IRQHandler                       0x0800015f   Thumb Code     0  startup_stm32f103xe.o(.text)
    TIM8_TRG_COM_IRQHandler                  0x0800015f   Thumb Code     0  startup_stm32f103xe.o(.text)
    UART4_IRQHandler                         0x0800015f   Thumb Code     0  startup_stm32f103xe.o(.text)
    UART5_IRQHandler                         0x0800015f   Thumb Code     0  startup_stm32f103xe.o(.text)
    USBWakeUp_IRQHandler                     0x0800015f   Thumb Code     0  startup_stm32f103xe.o(.text)
    WWDG_IRQHandler                          0x0800015f   Thumb Code     0  startup_stm32f103xe.o(.text)
    __aeabi_llsr                             0x08000169   Thumb Code    32  llushr.o(.text)
    _ll_ushift_r                             0x08000169   Thumb Code     0  llushr.o(.text)
    __aeabi_memset                           0x08000189   Thumb Code    14  memseta.o(.text)
    __aeabi_memset4                          0x08000189   Thumb Code     0  memseta.o(.text)
    __aeabi_memset8                          0x08000189   Thumb Code     0  memseta.o(.text)
    __aeabi_memclr                           0x08000197   Thumb Code     4  memseta.o(.text)
    __aeabi_memclr4                          0x08000197   Thumb Code     0  memseta.o(.text)
    __aeabi_memclr8                          0x08000197   Thumb Code     0  memseta.o(.text)
    _memset$wrapper                          0x0800019b   Thumb Code    18  memseta.o(.text)
    strlen                                   0x080001ad   Thumb Code    14  strlen.o(.text)
    __0sscanf                                0x080001bd   Thumb Code    48  __0sscanf.o(.text)
    _scanf_real                              0x0800031d   Thumb Code     0  scanf_fp.o(.text)
    _scanf_really_real                       0x0800031d   Thumb Code   556  scanf_fp.o(.text)
    __aeabi_fadd                             0x08000555   Thumb Code   164  fadd.o(.text)
    __aeabi_fsub                             0x080005f9   Thumb Code     6  fadd.o(.text)
    __aeabi_frsub                            0x080005ff   Thumb Code     6  fadd.o(.text)
    __aeabi_fmul                             0x08000605   Thumb Code   100  fmul.o(.text)
    __aeabi_fdiv                             0x08000669   Thumb Code   124  fdiv.o(.text)
    __aeabi_dadd                             0x080006e5   Thumb Code   322  dadd.o(.text)
    __aeabi_dsub                             0x08000827   Thumb Code     6  dadd.o(.text)
    __aeabi_drsub                            0x0800082d   Thumb Code     6  dadd.o(.text)
    __aeabi_dmul                             0x08000833   Thumb Code   228  dmul.o(.text)
    __aeabi_ddiv                             0x08000917   Thumb Code   222  ddiv.o(.text)
    __aeabi_f2iz                             0x080009f5   Thumb Code    50  ffixi.o(.text)
    __aeabi_f2uiz                            0x08000a27   Thumb Code    40  ffixui.o(.text)
    __aeabi_d2iz                             0x08000a4f   Thumb Code    62  dfixi.o(.text)
    __aeabi_f2d                              0x08000a8d   Thumb Code    38  f2d.o(.text)
    __aeabi_cdcmpeq                          0x08000ab5   Thumb Code     0  cdcmple.o(.text)
    __aeabi_cdcmple                          0x08000ab5   Thumb Code    48  cdcmple.o(.text)
    __aeabi_cdrcmple                         0x08000ae5   Thumb Code    48  cdrcmple.o(.text)
    __aeabi_d2f                              0x08000b15   Thumb Code    56  d2f.o(.text)
    __aeabi_cfcmpeq                          0x08000b4d   Thumb Code     0  cfcmple.o(.text)
    __aeabi_cfcmple                          0x08000b4d   Thumb Code    20  cfcmple.o(.text)
    __aeabi_cfrcmple                         0x08000b61   Thumb Code    20  cfrcmple.o(.text)
    __aeabi_uidiv                            0x08000b75   Thumb Code     0  uidiv.o(.text)
    __aeabi_uidivmod                         0x08000b75   Thumb Code    44  uidiv.o(.text)
    __aeabi_uldivmod                         0x08000ba1   Thumb Code    98  uldiv.o(.text)
    __aeabi_llsl                             0x08000c03   Thumb Code    30  llshl.o(.text)
    _ll_shift_l                              0x08000c03   Thumb Code     0  llshl.o(.text)
    __aeabi_lasr                             0x08000c21   Thumb Code    36  llsshr.o(.text)
    _ll_sshift_r                             0x08000c21   Thumb Code     0  llsshr.o(.text)
    __vfscanf_char                           0x08000c51   Thumb Code    20  scanf_char.o(.text)
    _sgetc                                   0x08000c6d   Thumb Code    30  _sgetc.o(.text)
    _sbackspace                              0x08000c8b   Thumb Code    34  _sgetc.o(.text)
    __I$use$fp                               0x08000cad   Thumb Code     0  iusefp.o(.text)
    _float_round                             0x08000cad   Thumb Code    18  fepilogue.o(.text)
    _float_epilogue                          0x08000cbf   Thumb Code    92  fepilogue.o(.text)
    __ARM_scalbnf                            0x08000d1b   Thumb Code    24  fscalb.o(.text)
    scalbnf                                  0x08000d1b   Thumb Code     0  fscalb.o(.text)
    _double_round                            0x08000d33   Thumb Code    30  depilogue.o(.text)
    _double_epilogue                         0x08000d51   Thumb Code   156  depilogue.o(.text)
    __ARM_scalbn                             0x08000ded   Thumb Code    46  dscalb.o(.text)
    scalbn                                   0x08000ded   Thumb Code     0  dscalb.o(.text)
    _dsqrt                                   0x08000e1b   Thumb Code   162  dsqrt.o(.text)
    __aeabi_ul2d                             0x08000ebd   Thumb Code    24  dfltul.o(.text)
    __aeabi_d2ulz                            0x08000ed5   Thumb Code    48  dfixul.o(.text)
    __scatterload                            0x08000f05   Thumb Code    28  init.o(.text)
    __scatterload_rt2                        0x08000f05   Thumb Code     0  init.o(.text)
    isspace                                  0x08000f29   Thumb Code    10  isspace_c.o(.text)
    __vfscanf                                0x08000f35   Thumb Code   808  _scanf.o(.text)
    _fsqrt                                   0x08001261   Thumb Code    94  fsqrt.o(.text)
    __ctype_lookup                           0x080012c1   Thumb Code    34  ctype_c.o(.text)
    __decompress                             0x080012e9   Thumb Code     0  __dczerorl2.o(.text)
    __decompress1                            0x080012e9   Thumb Code    86  __dczerorl2.o(.text)
    BusFault_Handler                         0x0800133f   Thumb Code     4  stm32f1xx_it.o(i.BusFault_Handler)
    DMA1_Channel3_IRQHandler                 0x08001345   Thumb Code    10  stm32f1xx_it.o(i.DMA1_Channel3_IRQHandler)
    DMA1_Channel5_IRQHandler                 0x08001355   Thumb Code    10  stm32f1xx_it.o(i.DMA1_Channel5_IRQHandler)
    DMA1_Channel6_IRQHandler                 0x08001365   Thumb Code    10  stm32f1xx_it.o(i.DMA1_Channel6_IRQHandler)
    DebugMon_Handler                         0x080013a1   Thumb Code     2  stm32f1xx_it.o(i.DebugMon_Handler)
    Error_Handler                            0x080013a3   Thumb Code     2  main.o(i.Error_Handler)
    HAL_CAN_ActivateNotification             0x080013a5   Thumb Code    42  stm32f1xx_hal_can.o(i.HAL_CAN_ActivateNotification)
    HAL_CAN_ConfigFilter                     0x080013cf   Thumb Code   266  stm32f1xx_hal_can.o(i.HAL_CAN_ConfigFilter)
    HAL_CAN_ErrorCallback                    0x080014d9   Thumb Code     2  stm32f1xx_hal_can.o(i.HAL_CAN_ErrorCallback)
    HAL_CAN_GetRxMessage                     0x080014db   Thumb Code   380  stm32f1xx_hal_can.o(i.HAL_CAN_GetRxMessage)
    HAL_CAN_IRQHandler                       0x08001657   Thumb Code   590  stm32f1xx_hal_can.o(i.HAL_CAN_IRQHandler)
    HAL_CAN_Init                             0x080018a5   Thumb Code   372  stm32f1xx_hal_can.o(i.HAL_CAN_Init)
    HAL_CAN_MspInit                          0x08001a19   Thumb Code   154  can.o(i.HAL_CAN_MspInit)
    HAL_CAN_RxFifo0FullCallback              0x08001ac1   Thumb Code     2  stm32f1xx_hal_can.o(i.HAL_CAN_RxFifo0FullCallback)
    HAL_CAN_RxFifo0MsgPendingCallback        0x08001ac5   Thumb Code   202  cylib_can.o(i.HAL_CAN_RxFifo0MsgPendingCallback)
    HAL_CAN_RxFifo1FullCallback              0x08001b99   Thumb Code     2  stm32f1xx_hal_can.o(i.HAL_CAN_RxFifo1FullCallback)
    HAL_CAN_RxFifo1MsgPendingCallback        0x08001b9b   Thumb Code     2  stm32f1xx_hal_can.o(i.HAL_CAN_RxFifo1MsgPendingCallback)
    HAL_CAN_SleepCallback                    0x08001b9d   Thumb Code     2  stm32f1xx_hal_can.o(i.HAL_CAN_SleepCallback)
    HAL_CAN_Start                            0x08001b9f   Thumb Code    94  stm32f1xx_hal_can.o(i.HAL_CAN_Start)
    HAL_CAN_TxMailbox0AbortCallback          0x08001bfd   Thumb Code     2  stm32f1xx_hal_can.o(i.HAL_CAN_TxMailbox0AbortCallback)
    HAL_CAN_TxMailbox0CompleteCallback       0x08001bff   Thumb Code     2  stm32f1xx_hal_can.o(i.HAL_CAN_TxMailbox0CompleteCallback)
    HAL_CAN_TxMailbox1AbortCallback          0x08001c01   Thumb Code     2  stm32f1xx_hal_can.o(i.HAL_CAN_TxMailbox1AbortCallback)
    HAL_CAN_TxMailbox1CompleteCallback       0x08001c03   Thumb Code     2  stm32f1xx_hal_can.o(i.HAL_CAN_TxMailbox1CompleteCallback)
    HAL_CAN_TxMailbox2AbortCallback          0x08001c05   Thumb Code     2  stm32f1xx_hal_can.o(i.HAL_CAN_TxMailbox2AbortCallback)
    HAL_CAN_TxMailbox2CompleteCallback       0x08001c07   Thumb Code     2  stm32f1xx_hal_can.o(i.HAL_CAN_TxMailbox2CompleteCallback)
    HAL_CAN_WakeUpFromRxMsgCallback          0x08001c09   Thumb Code     2  stm32f1xx_hal_can.o(i.HAL_CAN_WakeUpFromRxMsgCallback)
    HAL_DMA_Abort_IT                         0x08001c0d   Thumb Code   414  stm32f1xx_hal_dma.o(i.HAL_DMA_Abort_IT)
    HAL_DMA_IRQHandler                       0x08001db5   Thumb Code   910  stm32f1xx_hal_dma.o(i.HAL_DMA_IRQHandler)
    HAL_DMA_Init                             0x0800214d   Thumb Code   132  stm32f1xx_hal_dma.o(i.HAL_DMA_Init)
    HAL_DMA_Start_IT                         0x080021d9   Thumb Code   156  stm32f1xx_hal_dma.o(i.HAL_DMA_Start_IT)
    HAL_Delay                                0x08002275   Thumb Code    36  stm32f1xx_hal.o(i.HAL_Delay)
    HAL_GPIO_Init                            0x0800229d   Thumb Code   790  stm32f1xx_hal_gpio.o(i.HAL_GPIO_Init)
    HAL_GPIO_ReadPin                         0x080025dd   Thumb Code    16  stm32f1xx_hal_gpio.o(i.HAL_GPIO_ReadPin)
    HAL_GPIO_WritePin                        0x080025ed   Thumb Code    12  stm32f1xx_hal_gpio.o(i.HAL_GPIO_WritePin)
    HAL_GetTick                              0x080025f9   Thumb Code     6  stm32f1xx_hal.o(i.HAL_GetTick)
    HAL_IncTick                              0x08002605   Thumb Code    16  stm32f1xx_hal.o(i.HAL_IncTick)
    HAL_Init                                 0x0800261d   Thumb Code    34  stm32f1xx_hal.o(i.HAL_Init)
    HAL_InitTick                             0x08002645   Thumb Code    64  stm32f1xx_hal.o(i.HAL_InitTick)
    HAL_MspInit                              0x08002691   Thumb Code    76  stm32f1xx_hal_msp.o(i.HAL_MspInit)
    HAL_NVIC_EnableIRQ                       0x080026e5   Thumb Code    26  stm32f1xx_hal_cortex.o(i.HAL_NVIC_EnableIRQ)
    HAL_NVIC_SetPriority                     0x080026ff   Thumb Code   124  stm32f1xx_hal_cortex.o(i.HAL_NVIC_SetPriority)
    HAL_NVIC_SetPriorityGrouping             0x0800277d   Thumb Code    32  stm32f1xx_hal_cortex.o(i.HAL_NVIC_SetPriorityGrouping)
    HAL_RCC_ClockConfig                      0x080027a5   Thumb Code   446  stm32f1xx_hal_rcc.o(i.HAL_RCC_ClockConfig)
    HAL_RCC_GetHCLKFreq                      0x08002975   Thumb Code     6  stm32f1xx_hal_rcc.o(i.HAL_RCC_GetHCLKFreq)
    HAL_RCC_GetPCLK1Freq                     0x08002981   Thumb Code    22  stm32f1xx_hal_rcc.o(i.HAL_RCC_GetPCLK1Freq)
    HAL_RCC_GetPCLK2Freq                     0x080029a1   Thumb Code    22  stm32f1xx_hal_rcc.o(i.HAL_RCC_GetPCLK2Freq)
    HAL_RCC_GetSysClockFreq                  0x080029c1   Thumb Code   116  stm32f1xx_hal_rcc.o(i.HAL_RCC_GetSysClockFreq)
    HAL_RCC_OscConfig                        0x08002a55   Thumb Code  1078  stm32f1xx_hal_rcc.o(i.HAL_RCC_OscConfig)
    HAL_SYSTICK_Config                       0x08002e95   Thumb Code    52  stm32f1xx_hal_cortex.o(i.HAL_SYSTICK_Config)
    HAL_TIMEx_BreakCallback                  0x08002ec9   Thumb Code     2  stm32f1xx_hal_tim_ex.o(i.HAL_TIMEx_BreakCallback)
    HAL_TIMEx_CommutationCallback            0x08002ecb   Thumb Code     2  stm32f1xx_hal_tim_ex.o(i.HAL_TIMEx_CommutationCallback)
    HAL_TIMEx_MasterConfigSynchronization    0x08002ecd   Thumb Code    98  stm32f1xx_hal_tim_ex.o(i.HAL_TIMEx_MasterConfigSynchronization)
    HAL_TIM_Base_Init                        0x08002f2f   Thumb Code    52  stm32f1xx_hal_tim.o(i.HAL_TIM_Base_Init)
    HAL_TIM_Base_MspInit                     0x08002f65   Thumb Code   364  tim.o(i.HAL_TIM_Base_MspInit)
    HAL_TIM_Base_Start                       0x080030f1   Thumb Code    30  stm32f1xx_hal_tim.o(i.HAL_TIM_Base_Start)
    HAL_TIM_Base_Start_IT                    0x0800310f   Thumb Code    30  stm32f1xx_hal_tim.o(i.HAL_TIM_Base_Start_IT)
    HAL_TIM_Base_Stop_IT                     0x0800312d   Thumb Code    56  stm32f1xx_hal_tim.o(i.HAL_TIM_Base_Stop_IT)
    HAL_TIM_ConfigClockSource                0x08003165   Thumb Code   306  stm32f1xx_hal_tim.o(i.HAL_TIM_ConfigClockSource)
    HAL_TIM_IC_CaptureCallback               0x08003297   Thumb Code     2  stm32f1xx_hal_tim.o(i.HAL_TIM_IC_CaptureCallback)
    HAL_TIM_IRQHandler                       0x08003299   Thumb Code   406  stm32f1xx_hal_tim.o(i.HAL_TIM_IRQHandler)
    HAL_TIM_OC_DelayElapsedCallback          0x0800342f   Thumb Code     2  stm32f1xx_hal_tim.o(i.HAL_TIM_OC_DelayElapsedCallback)
    HAL_TIM_PWM_PulseFinishedCallback        0x08003431   Thumb Code     2  stm32f1xx_hal_tim.o(i.HAL_TIM_PWM_PulseFinishedCallback)
    HAL_TIM_PeriodElapsedCallback            0x08003435   Thumb Code    86  main.o(i.HAL_TIM_PeriodElapsedCallback)
    HAL_TIM_SlaveConfigSynchronization       0x080034a9   Thumb Code    86  stm32f1xx_hal_tim.o(i.HAL_TIM_SlaveConfigSynchronization)
    HAL_TIM_TriggerCallback                  0x080034ff   Thumb Code     2  stm32f1xx_hal_tim.o(i.HAL_TIM_TriggerCallback)
    HAL_UART_ErrorCallback                   0x08003501   Thumb Code     2  stm32f1xx_hal_uart.o(i.HAL_UART_ErrorCallback)
    HAL_UART_IRQHandler                      0x08003505   Thumb Code   326  stm32f1xx_hal_uart.o(i.HAL_UART_IRQHandler)
    HAL_UART_Init                            0x08003651   Thumb Code   114  stm32f1xx_hal_uart.o(i.HAL_UART_Init)
    HAL_UART_MspInit                         0x080036c5   Thumb Code   564  usart.o(i.HAL_UART_MspInit)
    HAL_UART_Receive_DMA                     0x08003925   Thumb Code   182  stm32f1xx_hal_uart.o(i.HAL_UART_Receive_DMA)
    HAL_UART_RxCpltCallback                  0x080039e9   Thumb Code    52  main.o(i.HAL_UART_RxCpltCallback)
    HAL_UART_RxHalfCpltCallback              0x08003a29   Thumb Code     2  stm32f1xx_hal_uart.o(i.HAL_UART_RxHalfCpltCallback)
    HAL_UART_Transmit                        0x08003a2b   Thumb Code   214  stm32f1xx_hal_uart.o(i.HAL_UART_Transmit)
    HAL_UART_TxCpltCallback                  0x08003b01   Thumb Code     2  stm32f1xx_hal_uart.o(i.HAL_UART_TxCpltCallback)
    HardFault_Handler                        0x08003b03   Thumb Code     4  stm32f1xx_it.o(i.HardFault_Handler)
    MX_CAN_Init                              0x08003b09   Thumb Code    60  can.o(i.MX_CAN_Init)
    MX_DMA_Init                              0x08003b4d   Thumb Code    80  dma.o(i.MX_DMA_Init)
    MX_GPIO_Init                             0x08003ba1   Thumb Code   598  gpio.o(i.MX_GPIO_Init)
    MX_TIM1_Init                             0x08003e19   Thumb Code   102  tim.o(i.MX_TIM1_Init)
    MX_TIM2_Init                             0x08003e89   Thumb Code   104  tim.o(i.MX_TIM2_Init)
    MX_TIM3_Init                             0x08003ef5   Thumb Code   104  tim.o(i.MX_TIM3_Init)
    MX_TIM4_Init                             0x08003f65   Thumb Code   104  tim.o(i.MX_TIM4_Init)
    MX_TIM5_Init                             0x08003fd5   Thumb Code   102  tim.o(i.MX_TIM5_Init)
    MX_TIM6_Init                             0x08004045   Thumb Code    66  tim.o(i.MX_TIM6_Init)
    MX_TIM7_Init                             0x08004091   Thumb Code    66  tim.o(i.MX_TIM7_Init)
    MX_TIM8_Init                             0x080040dd   Thumb Code   102  tim.o(i.MX_TIM8_Init)
    MX_USART1_UART_Init                      0x0800414d   Thumb Code    46  usart.o(i.MX_USART1_UART_Init)
    MX_USART2_UART_Init                      0x08004185   Thumb Code    46  usart.o(i.MX_USART2_UART_Init)
    MX_USART3_UART_Init                      0x080041bd   Thumb Code    46  usart.o(i.MX_USART3_UART_Init)
    MemManage_Handler                        0x080041f5   Thumb Code     4  stm32f1xx_it.o(i.MemManage_Handler)
    NMI_Handler                              0x080041f9   Thumb Code     2  stm32f1xx_it.o(i.NMI_Handler)
    PendSV_Handler                           0x08004275   Thumb Code     2  stm32f1xx_it.o(i.PendSV_Handler)
    SVC_Handler                              0x080042a1   Thumb Code     2  stm32f1xx_it.o(i.SVC_Handler)
    SysTick_Handler                          0x080042a3   Thumb Code     8  stm32f1xx_it.o(i.SysTick_Handler)
    SystemClock_Config                       0x080042ab   Thumb Code   102  main.o(i.SystemClock_Config)
    SystemInit                               0x08004311   Thumb Code    70  system_stm32f1xx.o(i.SystemInit)
    TIM1_UP_IRQHandler                       0x08004369   Thumb Code    10  stm32f1xx_it.o(i.TIM1_UP_IRQHandler)
    TIM6_IRQHandler                          0x08004379   Thumb Code    10  stm32f1xx_it.o(i.TIM6_IRQHandler)
    TIM7_IRQHandler                          0x08004389   Thumb Code    10  stm32f1xx_it.o(i.TIM7_IRQHandler)
    TIM8_UP_IRQHandler                       0x08004399   Thumb Code    10  stm32f1xx_it.o(i.TIM8_UP_IRQHandler)
    TIM_Base_SetConfig                       0x080043a9   Thumb Code   132  stm32f1xx_hal_tim.o(i.TIM_Base_SetConfig)
    USART1_IRQHandler                        0x080049b5   Thumb Code    10  stm32f1xx_it.o(i.USART1_IRQHandler)
    USART2_IRQHandler                        0x080049c5   Thumb Code    10  stm32f1xx_it.o(i.USART2_IRQHandler)
    USART3_IRQHandler                        0x080049d5   Thumb Code    10  stm32f1xx_it.o(i.USART3_IRQHandler)
    USB_HP_CAN1_TX_IRQHandler                0x080049e5   Thumb Code    10  stm32f1xx_it.o(i.USB_HP_CAN1_TX_IRQHandler)
    USB_LP_CAN1_RX0_IRQHandler               0x080049f5   Thumb Code    10  stm32f1xx_it.o(i.USB_LP_CAN1_RX0_IRQHandler)
    UsageFault_Handler                       0x08004a05   Thumb Code     4  stm32f1xx_it.o(i.UsageFault_Handler)
    __0printf                                0x08004a09   Thumb Code    22  printfa.o(i.__0printf)
    __1printf                                0x08004a09   Thumb Code     0  printfa.o(i.__0printf)
    __2printf                                0x08004a09   Thumb Code     0  printfa.o(i.__0printf)
    __c89printf                              0x08004a09   Thumb Code     0  printfa.o(i.__0printf)
    printf                                   0x08004a09   Thumb Code     0  printfa.o(i.__0printf)
    __ARM_fpclassify                         0x08004a29   Thumb Code    40  fpclassify.o(i.__ARM_fpclassify)
    __kernel_poly                            0x08004a51   Thumb Code   170  poly.o(i.__kernel_poly)
    __mathlib_dbl_infnan                     0x08004afb   Thumb Code     6  dunder.o(i.__mathlib_dbl_infnan)
    __mathlib_dbl_infnan2                    0x08004b01   Thumb Code     4  dunder.o(i.__mathlib_dbl_infnan2)
    __mathlib_dbl_invalid                    0x08004b05   Thumb Code    12  dunder.o(i.__mathlib_dbl_invalid)
    __mathlib_dbl_underflow                  0x08004b11   Thumb Code    10  dunder.o(i.__mathlib_dbl_underflow)
    __mathlib_flt_infnan                     0x08004b21   Thumb Code     6  funder.o(i.__mathlib_flt_infnan)
    __mathlib_flt_invalid                    0x08004b27   Thumb Code     8  funder.o(i.__mathlib_flt_invalid)
    __scatterload_copy                       0x08004b2f   Thumb Code    14  handlers.o(i.__scatterload_copy)
    __scatterload_null                       0x08004b3d   Thumb Code     2  handlers.o(i.__scatterload_null)
    __scatterload_zeroinit                   0x08004b3f   Thumb Code    14  handlers.o(i.__scatterload_zeroinit)
    __set_errno                              0x08004b4d   Thumb Code     6  errno.o(i.__set_errno)
    _is_digit                                0x08004cdd   Thumb Code    14  scanf_fp.o(i._is_digit)
    acos                                     0x0800541d   Thumb Code   574  acos.o(i.acos)
    acosf                                    0x08005699   Thumb Code   242  acosf.o(i.acosf)
    atan                                     0x080057b5   Thumb Code   474  atan.o(i.atan)
    atan2                                    0x080059d5   Thumb Code   346  atan2.o(i.atan2)
    cylib_abb_calc                           0x08005b55   Thumb Code  1476  cylib_abb.o(i.cylib_abb_calc)
    cylib_abb_init                           0x08006139   Thumb Code     2  cylib_abb.o(i.cylib_abb_init)
    cylib_angle_get                          0x0800613d   Thumb Code    66  cylib_angle.o(i.cylib_angle_get)
    cylib_angle_init                         0x08006185   Thumb Code    30  cylib_angle.o(i.cylib_angle_init)
    cylib_angle_update                       0x080061a9   Thumb Code    50  cylib_angle.o(i.cylib_angle_update)
    cylib_b_calc                             0x080061e1   Thumb Code  1230  b.o(i.cylib_b_calc)
    cylib_b_move                             0x080066c5   Thumb Code   450  b.o(i.cylib_b_move)
    cylib_can_init                           0x080068a9   Thumb Code    62  cylib_can.o(i.cylib_can_init)
    cylib_controller_init                    0x080068ed   Thumb Code     2  cylib_controller.o(i.cylib_controller_init)
    cylib_controller_move                    0x080068f1   Thumb Code   390  cylib_controller.o(i.cylib_controller_move)
    cylib_gcoder_decoder                     0x08006ae9   Thumb Code   168  cylib_gcoder.o(i.cylib_gcoder_decoder)
    cylib_gcoder_decoder_g                   0x08006b95   Thumb Code   288  cylib_gcoder.o(i.cylib_gcoder_decoder_g)
    cylib_gcoder_decoder_m                   0x08006d09   Thumb Code    58  cylib_gcoder.o(i.cylib_gcoder_decoder_m)
    cylib_gcoder_decoder_p                   0x08006d49   Thumb Code   218  cylib_gcoder.o(i.cylib_gcoder_decoder_p)
    cylib_gcoder_init                        0x08006e75   Thumb Code     2  cylib_gcoder.o(i.cylib_gcoder_init)
    cylib_gcoder_low_to_high                 0x08006e77   Thumb Code    48  cylib_gcoder.o(i.cylib_gcoder_low_to_high)
    cylib_gcoder_polling                     0x08006ea7   Thumb Code     8  cylib_gcoder.o(i.cylib_gcoder_polling)
    cylib_init                               0x08006eaf   Thumb Code    40  cylib.o(i.cylib_init)
    cylib_location_init                      0x08006ed9   Thumb Code    12  cylib_location.o(i.cylib_location_init)
    cylib_location_set                       0x08006ee9   Thumb Code    46  cylib_location.o(i.cylib_location_set)
    cylib_serial_init                        0x08006f1d   Thumb Code    34  cylib_serial.o(i.cylib_serial_init)
    cylib_serial_read                        0x08006f59   Thumb Code   106  cylib_serial.o(i.cylib_serial_read)
    cylib_serial_rx_callback                 0x08006fc9   Thumb Code    52  cylib_serial.o(i.cylib_serial_rx_callback)
    cylib_step_motor_block_wait_for_all      0x08007001   Thumb Code    36  cylib_step_motor.o(i.cylib_step_motor_block_wait_for_all)
    cylib_step_motor_init                    0x08007029   Thumb Code   204  cylib_step_motor.o(i.cylib_step_motor_init)
    cylib_step_motor_io_write                0x080070f9   Thumb Code    18  cylib_step_motor.o(i.cylib_step_motor_io_write)
    cylib_step_motor_run_async_motor0        0x0800710d   Thumb Code   116  cylib_step_motor.o(i.cylib_step_motor_run_async_motor0)
    cylib_step_motor_run_async_motor1        0x08007185   Thumb Code   132  cylib_step_motor.o(i.cylib_step_motor_run_async_motor1)
    cylib_step_motor_run_async_motor2        0x0800720d   Thumb Code   136  cylib_step_motor.o(i.cylib_step_motor_run_async_motor2)
    cylib_step_motor_timer_callback          0x08007299   Thumb Code   580  cylib_step_motor.o(i.cylib_step_motor_timer_callback)
    cylib_step_motor_timer_callback0         0x080074e1   Thumb Code    10  cylib_step_motor.o(i.cylib_step_motor_timer_callback0)
    cylib_step_motor_timer_callback1         0x080074eb   Thumb Code    10  cylib_step_motor.o(i.cylib_step_motor_timer_callback1)
    cylib_step_motor_timer_callback2         0x080074f5   Thumb Code    10  cylib_step_motor.o(i.cylib_step_motor_timer_callback2)
    cylib_step_motor_timer_config            0x080074ff   Thumb Code   122  cylib_step_motor.o(i.cylib_step_motor_timer_config)
    cylib_switch_get_status                  0x08007579   Thumb Code    46  cylib_switch.o(i.cylib_switch_get_status)
    cylib_switch_init                        0x080075ad   Thumb Code     2  cylib_switch.o(i.cylib_switch_init)
    fputc                                    0x080075b1   Thumb Code    26  cylib_serial.o(i.fputc)
    main                                     0x080075d1   Thumb Code   330  main.o(i.main)
    ring_buffer_dequeue                      0x08007751   Thumb Code    44  cylib_ringbuffer.o(i.ring_buffer_dequeue)
    ring_buffer_dequeue_arr                  0x0800777d   Thumb Code    56  cylib_ringbuffer.o(i.ring_buffer_dequeue_arr)
    ring_buffer_is_empty                     0x080077b5   Thumb Code    22  cylib_ringbuffer.o(i.ring_buffer_is_empty)
    ring_buffer_is_full                      0x080077cb   Thumb Code    28  cylib_ringbuffer.o(i.ring_buffer_is_full)
    ring_buffer_queue                        0x080077e7   Thumb Code    50  cylib_ringbuffer.o(i.ring_buffer_queue)
    sqrt                                     0x08007819   Thumb Code    76  sqrt.o(i.sqrt)
    sqrtf                                    0x08007865   Thumb Code    44  sqrtf.o(i.sqrtf)
    user_delay_us                            0x08007891   Thumb Code    48  main.o(i.user_delay_us)
    user_timestamp                           0x080078c1   Thumb Code    48  main.o(i.user_timestamp)
    AHBPrescTable                            0x080078fc   Data          16  system_stm32f1xx.o(.constdata)
    APBPrescTable                            0x0800790c   Data           8  system_stm32f1xx.o(.constdata)
    __mathlib_zero                           0x08007a00   Data           8  qnan.o(.constdata)
    __ctype_categories                       0x08007a08   Data          64  ctype_c.o(.constdata)
    Region$$Table$$Base                      0x08007a48   Number         0  anon$$obj.o(Region$$Table)
    Region$$Table$$Limit                     0x08007a68   Number         0  anon$$obj.o(Region$$Table)
    uwTick                                   0x20000000   Data           4  stm32f1xx_hal.o(.data)
    uwTickPrio                               0x20000004   Data           4  stm32f1xx_hal.o(.data)
    uwTickFreq                               0x20000008   Data           1  stm32f1xx_hal.o(.data)
    SystemCoreClock                          0x2000000c   Data           4  system_stm32f1xx.o(.data)
    cylib_gcoder_type                        0x20000010   Data           4  cylib_gcoder.o(.data)
    cylib_step_motor                         0x20000014   Data         348  cylib_step_motor.o(.data)
    cylib_serial                             0x20000170   Data         804  cylib_serial.o(.data)
    cylib_switch                             0x20000494   Data          32  cylib_switch.o(.data)
    cylib_b_degree_holding_dg1               0x200004b8   Data           4  b.o(.data)
    cylib_b_degree_holding_dg2               0x200004bc   Data           4  b.o(.data)
    cylib_b_degree_holding_dg3               0x200004c0   Data           4  b.o(.data)
    __stdout                                 0x200004c4   Data           4  stdout.o(.data)
    hcan                                     0x200004cc   Data          40  can.o(.bss)
    htim1                                    0x200004f4   Data          64  tim.o(.bss)
    htim2                                    0x20000534   Data          64  tim.o(.bss)
    htim3                                    0x20000574   Data          64  tim.o(.bss)
    htim4                                    0x200005b4   Data          64  tim.o(.bss)
    htim5                                    0x200005f4   Data          64  tim.o(.bss)
    htim6                                    0x20000634   Data          64  tim.o(.bss)
    htim7                                    0x20000674   Data          64  tim.o(.bss)
    htim8                                    0x200006b4   Data          64  tim.o(.bss)
    huart1                                   0x200006f4   Data          64  usart.o(.bss)
    huart2                                   0x20000734   Data          64  usart.o(.bss)
    huart3                                   0x20000774   Data          64  usart.o(.bss)
    hdma_usart1_rx                           0x200007b4   Data          68  usart.o(.bss)
    hdma_usart2_rx                           0x200007f8   Data          68  usart.o(.bss)
    hdma_usart3_rx                           0x2000083c   Data          68  usart.o(.bss)
    cylib_gcoder                             0x20000880   Data         162  cylib_gcoder.o(.bss)
    cylib_can                                0x20000930   Data          68  cylib_can.o(.bss)
    cylib_angle                              0x20000974   Data          48  cylib_angle.o(.bss)
    cylib_location                           0x200009a4   Data          48  cylib_location.o(.bss)
    __initial_sp                             0x20000dd8   Data           0  startup_stm32f103xe.o(STACK)



==============================================================================

Memory Map of the image

  Image Entry point : 0x08000131

  Load Region LR_IROM1 (Base: 0x08000000, Size: 0x00007f34, Max: 0x00080000, ABSOLUTE, COMPRESSED[0x00007b14])

    Execution Region ER_IROM1 (Exec base: 0x08000000, Load base: 0x08000000, Size: 0x00007a68, Max: 0x00080000, ABSOLUTE)

    Exec Addr    Load Addr    Size         Type   Attr      Idx    E Section Name        Object

    0x08000000   0x08000000   0x00000130   Data   RO            3    RESET               startup_stm32f103xe.o
    0x08000130   0x08000130   0x00000000   Code   RO         3847  * .ARM.Collect$$$$00000000  mc_w.l(entry.o)
    0x08000130   0x08000130   0x00000004   Code   RO         4198    .ARM.Collect$$$$00000001  mc_w.l(entry2.o)
    0x08000134   0x08000134   0x00000004   Code   RO         4201    .ARM.Collect$$$$00000004  mc_w.l(entry5.o)
    0x08000138   0x08000138   0x00000000   Code   RO         4203    .ARM.Collect$$$$00000008  mc_w.l(entry7b.o)
    0x08000138   0x08000138   0x00000000   Code   RO         4205    .ARM.Collect$$$$0000000A  mc_w.l(entry8b.o)
    0x08000138   0x08000138   0x00000008   Code   RO         4206    .ARM.Collect$$$$0000000B  mc_w.l(entry9a.o)
    0x08000140   0x08000140   0x00000000   Code   RO         4208    .ARM.Collect$$$$0000000D  mc_w.l(entry10a.o)
    0x08000140   0x08000140   0x00000000   Code   RO         4210    .ARM.Collect$$$$0000000F  mc_w.l(entry11a.o)
    0x08000140   0x08000140   0x00000004   Code   RO         4199    .ARM.Collect$$$$00002712  mc_w.l(entry2.o)
    0x08000144   0x08000144   0x00000024   Code   RO            4    .text               startup_stm32f103xe.o
    0x08000168   0x08000168   0x00000020   Code   RO         3850    .text               mc_w.l(llushr.o)
    0x08000188   0x08000188   0x00000024   Code   RO         3852    .text               mc_w.l(memseta.o)
    0x080001ac   0x080001ac   0x0000000e   Code   RO         3854    .text               mc_w.l(strlen.o)
    0x080001ba   0x080001ba   0x00000002   PAD
    0x080001bc   0x080001bc   0x00000038   Code   RO         4117    .text               mc_w.l(__0sscanf.o)
    0x080001f4   0x080001f4   0x00000360   Code   RO         4119    .text               mc_w.l(scanf_fp.o)
    0x08000554   0x08000554   0x000000b0   Code   RO         4123    .text               mf_w.l(fadd.o)
    0x08000604   0x08000604   0x00000064   Code   RO         4125    .text               mf_w.l(fmul.o)
    0x08000668   0x08000668   0x0000007c   Code   RO         4127    .text               mf_w.l(fdiv.o)
    0x080006e4   0x080006e4   0x0000014e   Code   RO         4129    .text               mf_w.l(dadd.o)
    0x08000832   0x08000832   0x000000e4   Code   RO         4131    .text               mf_w.l(dmul.o)
    0x08000916   0x08000916   0x000000de   Code   RO         4133    .text               mf_w.l(ddiv.o)
    0x080009f4   0x080009f4   0x00000032   Code   RO         4139    .text               mf_w.l(ffixi.o)
    0x08000a26   0x08000a26   0x00000028   Code   RO         4141    .text               mf_w.l(ffixui.o)
    0x08000a4e   0x08000a4e   0x0000003e   Code   RO         4143    .text               mf_w.l(dfixi.o)
    0x08000a8c   0x08000a8c   0x00000026   Code   RO         4145    .text               mf_w.l(f2d.o)
    0x08000ab2   0x08000ab2   0x00000002   PAD
    0x08000ab4   0x08000ab4   0x00000030   Code   RO         4147    .text               mf_w.l(cdcmple.o)
    0x08000ae4   0x08000ae4   0x00000030   Code   RO         4149    .text               mf_w.l(cdrcmple.o)
    0x08000b14   0x08000b14   0x00000038   Code   RO         4151    .text               mf_w.l(d2f.o)
    0x08000b4c   0x08000b4c   0x00000014   Code   RO         4153    .text               mf_w.l(cfcmple.o)
    0x08000b60   0x08000b60   0x00000014   Code   RO         4155    .text               mf_w.l(cfrcmple.o)
    0x08000b74   0x08000b74   0x0000002c   Code   RO         4213    .text               mc_w.l(uidiv.o)
    0x08000ba0   0x08000ba0   0x00000062   Code   RO         4215    .text               mc_w.l(uldiv.o)
    0x08000c02   0x08000c02   0x0000001e   Code   RO         4217    .text               mc_w.l(llshl.o)
    0x08000c20   0x08000c20   0x00000024   Code   RO         4219    .text               mc_w.l(llsshr.o)
    0x08000c44   0x08000c44   0x00000028   Code   RO         4228    .text               mc_w.l(scanf_char.o)
    0x08000c6c   0x08000c6c   0x00000040   Code   RO         4230    .text               mc_w.l(_sgetc.o)
    0x08000cac   0x08000cac   0x00000000   Code   RO         4232    .text               mc_w.l(iusefp.o)
    0x08000cac   0x08000cac   0x0000006e   Code   RO         4233    .text               mf_w.l(fepilogue.o)
    0x08000d1a   0x08000d1a   0x00000018   Code   RO         4235    .text               mf_w.l(fscalb.o)
    0x08000d32   0x08000d32   0x000000ba   Code   RO         4237    .text               mf_w.l(depilogue.o)
    0x08000dec   0x08000dec   0x0000002e   Code   RO         4239    .text               mf_w.l(dscalb.o)
    0x08000e1a   0x08000e1a   0x000000a2   Code   RO         4241    .text               mf_w.l(dsqrt.o)
    0x08000ebc   0x08000ebc   0x00000018   Code   RO         4243    .text               mf_w.l(dfltul.o)
    0x08000ed4   0x08000ed4   0x00000030   Code   RO         4245    .text               mf_w.l(dfixul.o)
    0x08000f04   0x08000f04   0x00000024   Code   RO         4247    .text               mc_w.l(init.o)
    0x08000f28   0x08000f28   0x0000000a   Code   RO         4249    .text               mc_w.l(isspace_c.o)
    0x08000f32   0x08000f32   0x00000002   PAD
    0x08000f34   0x08000f34   0x0000032c   Code   RO         4251    .text               mc_w.l(_scanf.o)
    0x08001260   0x08001260   0x0000005e   Code   RO         4253    .text               mf_w.l(fsqrt.o)
    0x080012be   0x080012be   0x00000002   PAD
    0x080012c0   0x080012c0   0x00000028   Code   RO         4255    .text               mc_w.l(ctype_c.o)
    0x080012e8   0x080012e8   0x00000056   Code   RO         4266    .text               mc_w.l(__dczerorl2.o)
    0x0800133e   0x0800133e   0x00000004   Code   RO          452    i.BusFault_Handler  stm32f1xx_it.o
    0x08001342   0x08001342   0x00000002   PAD
    0x08001344   0x08001344   0x00000010   Code   RO          453    i.DMA1_Channel3_IRQHandler  stm32f1xx_it.o
    0x08001354   0x08001354   0x00000010   Code   RO          454    i.DMA1_Channel5_IRQHandler  stm32f1xx_it.o
    0x08001364   0x08001364   0x00000010   Code   RO          455    i.DMA1_Channel6_IRQHandler  stm32f1xx_it.o
    0x08001374   0x08001374   0x0000002c   Code   RO         2470    i.DMA_SetConfig     stm32f1xx_hal_dma.o
    0x080013a0   0x080013a0   0x00000002   Code   RO          456    i.DebugMon_Handler  stm32f1xx_it.o
    0x080013a2   0x080013a2   0x00000002   Code   RO           13    i.Error_Handler     main.o
    0x080013a4   0x080013a4   0x0000002a   Code   RO          661    i.HAL_CAN_ActivateNotification  stm32f1xx_hal_can.o
    0x080013ce   0x080013ce   0x0000010a   Code   RO          663    i.HAL_CAN_ConfigFilter  stm32f1xx_hal_can.o
    0x080014d8   0x080014d8   0x00000002   Code   RO          666    i.HAL_CAN_ErrorCallback  stm32f1xx_hal_can.o
    0x080014da   0x080014da   0x0000017c   Code   RO          669    i.HAL_CAN_GetRxMessage  stm32f1xx_hal_can.o
    0x08001656   0x08001656   0x0000024e   Code   RO          673    i.HAL_CAN_IRQHandler  stm32f1xx_hal_can.o
    0x080018a4   0x080018a4   0x00000174   Code   RO          674    i.HAL_CAN_Init      stm32f1xx_hal_can.o
    0x08001a18   0x08001a18   0x000000a8   Code   RO          249    i.HAL_CAN_MspInit   can.o
    0x08001ac0   0x08001ac0   0x00000002   Code   RO          681    i.HAL_CAN_RxFifo0FullCallback  stm32f1xx_hal_can.o
    0x08001ac2   0x08001ac2   0x00000002   PAD
    0x08001ac4   0x08001ac4   0x000000d4   Code   RO         3495    i.HAL_CAN_RxFifo0MsgPendingCallback  cylib_can.o
    0x08001b98   0x08001b98   0x00000002   Code   RO          683    i.HAL_CAN_RxFifo1FullCallback  stm32f1xx_hal_can.o
    0x08001b9a   0x08001b9a   0x00000002   Code   RO          684    i.HAL_CAN_RxFifo1MsgPendingCallback  stm32f1xx_hal_can.o
    0x08001b9c   0x08001b9c   0x00000002   Code   RO          685    i.HAL_CAN_SleepCallback  stm32f1xx_hal_can.o
    0x08001b9e   0x08001b9e   0x0000005e   Code   RO          686    i.HAL_CAN_Start     stm32f1xx_hal_can.o
    0x08001bfc   0x08001bfc   0x00000002   Code   RO          688    i.HAL_CAN_TxMailbox0AbortCallback  stm32f1xx_hal_can.o
    0x08001bfe   0x08001bfe   0x00000002   Code   RO          689    i.HAL_CAN_TxMailbox0CompleteCallback  stm32f1xx_hal_can.o
    0x08001c00   0x08001c00   0x00000002   Code   RO          690    i.HAL_CAN_TxMailbox1AbortCallback  stm32f1xx_hal_can.o
    0x08001c02   0x08001c02   0x00000002   Code   RO          691    i.HAL_CAN_TxMailbox1CompleteCallback  stm32f1xx_hal_can.o
    0x08001c04   0x08001c04   0x00000002   Code   RO          692    i.HAL_CAN_TxMailbox2AbortCallback  stm32f1xx_hal_can.o
    0x08001c06   0x08001c06   0x00000002   Code   RO          693    i.HAL_CAN_TxMailbox2CompleteCallback  stm32f1xx_hal_can.o
    0x08001c08   0x08001c08   0x00000002   Code   RO          695    i.HAL_CAN_WakeUpFromRxMsgCallback  stm32f1xx_hal_can.o
    0x08001c0a   0x08001c0a   0x00000002   PAD
    0x08001c0c   0x08001c0c   0x000001a8   Code   RO         2472    i.HAL_DMA_Abort_IT  stm32f1xx_hal_dma.o
    0x08001db4   0x08001db4   0x00000398   Code   RO         2476    i.HAL_DMA_IRQHandler  stm32f1xx_hal_dma.o
    0x0800214c   0x0800214c   0x0000008c   Code   RO         2477    i.HAL_DMA_Init      stm32f1xx_hal_dma.o
    0x080021d8   0x080021d8   0x0000009c   Code   RO         2481    i.HAL_DMA_Start_IT  stm32f1xx_hal_dma.o
    0x08002274   0x08002274   0x00000028   Code   RO         2106    i.HAL_Delay         stm32f1xx_hal.o
    0x0800229c   0x0800229c   0x00000340   Code   RO         2407    i.HAL_GPIO_Init     stm32f1xx_hal_gpio.o
    0x080025dc   0x080025dc   0x00000010   Code   RO         2409    i.HAL_GPIO_ReadPin  stm32f1xx_hal_gpio.o
    0x080025ec   0x080025ec   0x0000000c   Code   RO         2411    i.HAL_GPIO_WritePin  stm32f1xx_hal_gpio.o
    0x080025f8   0x080025f8   0x0000000c   Code   RO         2110    i.HAL_GetTick       stm32f1xx_hal.o
    0x08002604   0x08002604   0x00000018   Code   RO         2114    i.HAL_IncTick       stm32f1xx_hal.o
    0x0800261c   0x0800261c   0x00000028   Code   RO         2115    i.HAL_Init          stm32f1xx_hal.o
    0x08002644   0x08002644   0x0000004c   Code   RO         2116    i.HAL_InitTick      stm32f1xx_hal.o
    0x08002690   0x08002690   0x00000054   Code   RO          600    i.HAL_MspInit       stm32f1xx_hal_msp.o
    0x080026e4   0x080026e4   0x0000001a   Code   RO         2567    i.HAL_NVIC_EnableIRQ  stm32f1xx_hal_cortex.o
    0x080026fe   0x080026fe   0x0000007c   Code   RO         2573    i.HAL_NVIC_SetPriority  stm32f1xx_hal_cortex.o
    0x0800277a   0x0800277a   0x00000002   PAD
    0x0800277c   0x0800277c   0x00000028   Code   RO         2574    i.HAL_NVIC_SetPriorityGrouping  stm32f1xx_hal_cortex.o
    0x080027a4   0x080027a4   0x000001d0   Code   RO         2262    i.HAL_RCC_ClockConfig  stm32f1xx_hal_rcc.o
    0x08002974   0x08002974   0x0000000c   Code   RO         2267    i.HAL_RCC_GetHCLKFreq  stm32f1xx_hal_rcc.o
    0x08002980   0x08002980   0x00000020   Code   RO         2269    i.HAL_RCC_GetPCLK1Freq  stm32f1xx_hal_rcc.o
    0x080029a0   0x080029a0   0x00000020   Code   RO         2270    i.HAL_RCC_GetPCLK2Freq  stm32f1xx_hal_rcc.o
    0x080029c0   0x080029c0   0x00000094   Code   RO         2271    i.HAL_RCC_GetSysClockFreq  stm32f1xx_hal_rcc.o
    0x08002a54   0x08002a54   0x00000440   Code   RO         2274    i.HAL_RCC_OscConfig  stm32f1xx_hal_rcc.o
    0x08002e94   0x08002e94   0x00000034   Code   RO         2578    i.HAL_SYSTICK_Config  stm32f1xx_hal_cortex.o
    0x08002ec8   0x08002ec8   0x00000002   Code   RO         1535    i.HAL_TIMEx_BreakCallback  stm32f1xx_hal_tim_ex.o
    0x08002eca   0x08002eca   0x00000002   Code   RO         1536    i.HAL_TIMEx_CommutationCallback  stm32f1xx_hal_tim_ex.o
    0x08002ecc   0x08002ecc   0x00000062   Code   RO         1552    i.HAL_TIMEx_MasterConfigSynchronization  stm32f1xx_hal_tim_ex.o
    0x08002f2e   0x08002f2e   0x00000034   Code   RO          896    i.HAL_TIM_Base_Init  stm32f1xx_hal_tim.o
    0x08002f62   0x08002f62   0x00000002   PAD
    0x08002f64   0x08002f64   0x0000018c   Code   RO          315    i.HAL_TIM_Base_MspInit  tim.o
    0x080030f0   0x080030f0   0x0000001e   Code   RO          899    i.HAL_TIM_Base_Start  stm32f1xx_hal_tim.o
    0x0800310e   0x0800310e   0x0000001e   Code   RO          901    i.HAL_TIM_Base_Start_IT  stm32f1xx_hal_tim.o
    0x0800312c   0x0800312c   0x00000038   Code   RO          904    i.HAL_TIM_Base_Stop_IT  stm32f1xx_hal_tim.o
    0x08003164   0x08003164   0x00000132   Code   RO          905    i.HAL_TIM_ConfigClockSource  stm32f1xx_hal_tim.o
    0x08003296   0x08003296   0x00000002   Code   RO          925    i.HAL_TIM_IC_CaptureCallback  stm32f1xx_hal_tim.o
    0x08003298   0x08003298   0x00000196   Code   RO          938    i.HAL_TIM_IRQHandler  stm32f1xx_hal_tim.o
    0x0800342e   0x0800342e   0x00000002   Code   RO          941    i.HAL_TIM_OC_DelayElapsedCallback  stm32f1xx_hal_tim.o
    0x08003430   0x08003430   0x00000002   Code   RO          968    i.HAL_TIM_PWM_PulseFinishedCallback  stm32f1xx_hal_tim.o
    0x08003432   0x08003432   0x00000002   PAD
    0x08003434   0x08003434   0x00000074   Code   RO           14    i.HAL_TIM_PeriodElapsedCallback  main.o
    0x080034a8   0x080034a8   0x00000056   Code   RO          977    i.HAL_TIM_SlaveConfigSynchronization  stm32f1xx_hal_tim.o
    0x080034fe   0x080034fe   0x00000002   Code   RO          979    i.HAL_TIM_TriggerCallback  stm32f1xx_hal_tim.o
    0x08003500   0x08003500   0x00000002   Code   RO         1789    i.HAL_UART_ErrorCallback  stm32f1xx_hal_uart.o
    0x08003502   0x08003502   0x00000002   PAD
    0x08003504   0x08003504   0x0000014c   Code   RO         1792    i.HAL_UART_IRQHandler  stm32f1xx_hal_uart.o
    0x08003650   0x08003650   0x00000072   Code   RO         1793    i.HAL_UART_Init     stm32f1xx_hal_uart.o
    0x080036c2   0x080036c2   0x00000002   PAD
    0x080036c4   0x080036c4   0x00000260   Code   RO          399    i.HAL_UART_MspInit  usart.o
    0x08003924   0x08003924   0x000000c4   Code   RO         1797    i.HAL_UART_Receive_DMA  stm32f1xx_hal_uart.o
    0x080039e8   0x080039e8   0x00000040   Code   RO           15    i.HAL_UART_RxCpltCallback  main.o
    0x08003a28   0x08003a28   0x00000002   Code   RO         1800    i.HAL_UART_RxHalfCpltCallback  stm32f1xx_hal_uart.o
    0x08003a2a   0x08003a2a   0x000000d6   Code   RO         1801    i.HAL_UART_Transmit  stm32f1xx_hal_uart.o
    0x08003b00   0x08003b00   0x00000002   Code   RO         1804    i.HAL_UART_TxCpltCallback  stm32f1xx_hal_uart.o
    0x08003b02   0x08003b02   0x00000004   Code   RO          457    i.HardFault_Handler  stm32f1xx_it.o
    0x08003b06   0x08003b06   0x00000002   PAD
    0x08003b08   0x08003b08   0x00000044   Code   RO          250    i.MX_CAN_Init       can.o
    0x08003b4c   0x08003b4c   0x00000054   Code   RO          290    i.MX_DMA_Init       dma.o
    0x08003ba0   0x08003ba0   0x00000278   Code   RO          220    i.MX_GPIO_Init      gpio.o
    0x08003e18   0x08003e18   0x00000070   Code   RO          316    i.MX_TIM1_Init      tim.o
    0x08003e88   0x08003e88   0x0000006c   Code   RO          317    i.MX_TIM2_Init      tim.o
    0x08003ef4   0x08003ef4   0x00000070   Code   RO          318    i.MX_TIM3_Init      tim.o
    0x08003f64   0x08003f64   0x00000070   Code   RO          319    i.MX_TIM4_Init      tim.o
    0x08003fd4   0x08003fd4   0x00000070   Code   RO          320    i.MX_TIM5_Init      tim.o
    0x08004044   0x08004044   0x0000004c   Code   RO          321    i.MX_TIM6_Init      tim.o
    0x08004090   0x08004090   0x0000004c   Code   RO          322    i.MX_TIM7_Init      tim.o
    0x080040dc   0x080040dc   0x00000070   Code   RO          323    i.MX_TIM8_Init      tim.o
    0x0800414c   0x0800414c   0x00000038   Code   RO          400    i.MX_USART1_UART_Init  usart.o
    0x08004184   0x08004184   0x00000038   Code   RO          401    i.MX_USART2_UART_Init  usart.o
    0x080041bc   0x080041bc   0x00000038   Code   RO          402    i.MX_USART3_UART_Init  usart.o
    0x080041f4   0x080041f4   0x00000004   Code   RO          458    i.MemManage_Handler  stm32f1xx_it.o
    0x080041f8   0x080041f8   0x00000002   Code   RO          459    i.NMI_Handler       stm32f1xx_it.o
    0x080041fa   0x080041fa   0x00000002   PAD
    0x080041fc   0x080041fc   0x00000010   Code   RO         2580    i.NVIC_GetPriorityGrouping  stm32f1xx_hal_cortex.o
    0x0800420c   0x0800420c   0x00000028   Code   RO         2581    i.NVIC_SetPriority  stm32f1xx_hal_cortex.o
    0x08004234   0x08004234   0x00000040   Code   RO           16    i.NVIC_SystemReset  main.o
    0x08004274   0x08004274   0x00000002   Code   RO          460    i.PendSV_Handler    stm32f1xx_it.o
    0x08004276   0x08004276   0x00000002   PAD
    0x08004278   0x08004278   0x00000028   Code   RO         2275    i.RCC_Delay         stm32f1xx_hal_rcc.o
    0x080042a0   0x080042a0   0x00000002   Code   RO          461    i.SVC_Handler       stm32f1xx_it.o
    0x080042a2   0x080042a2   0x00000008   Code   RO          462    i.SysTick_Handler   stm32f1xx_it.o
    0x080042aa   0x080042aa   0x00000066   Code   RO           17    i.SystemClock_Config  main.o
    0x08004310   0x08004310   0x00000058   Code   RO         3022    i.SystemInit        system_stm32f1xx.o
    0x08004368   0x08004368   0x00000010   Code   RO          463    i.TIM1_UP_IRQHandler  stm32f1xx_it.o
    0x08004378   0x08004378   0x00000010   Code   RO          464    i.TIM6_IRQHandler   stm32f1xx_it.o
    0x08004388   0x08004388   0x00000010   Code   RO          465    i.TIM7_IRQHandler   stm32f1xx_it.o
    0x08004398   0x08004398   0x00000010   Code   RO          466    i.TIM8_UP_IRQHandler  stm32f1xx_it.o
    0x080043a8   0x080043a8   0x00000098   Code   RO          980    i.TIM_Base_SetConfig  stm32f1xx_hal_tim.o
    0x08004440   0x08004440   0x00000018   Code   RO          987    i.TIM_ETR_SetConfig  stm32f1xx_hal_tim.o
    0x08004458   0x08004458   0x00000014   Code   RO          988    i.TIM_ITRx_SetConfig  stm32f1xx_hal_tim.o
    0x0800446c   0x0800446c   0x000000a4   Code   RO          993    i.TIM_SlaveTimer_SetConfig  stm32f1xx_hal_tim.o
    0x08004510   0x08004510   0x0000002a   Code   RO          994    i.TIM_TI1_ConfigInputStage  stm32f1xx_hal_tim.o
    0x0800453a   0x0800453a   0x0000002c   Code   RO          996    i.TIM_TI2_ConfigInputStage  stm32f1xx_hal_tim.o
    0x08004566   0x08004566   0x00000014   Code   RO         1806    i.UART_DMAAbortOnError  stm32f1xx_hal_uart.o
    0x0800457a   0x0800457a   0x00000050   Code   RO         1807    i.UART_DMAError     stm32f1xx_hal_uart.o
    0x080045ca   0x080045ca   0x00000046   Code   RO         1808    i.UART_DMAReceiveCplt  stm32f1xx_hal_uart.o
    0x08004610   0x08004610   0x0000000e   Code   RO         1810    i.UART_DMARxHalfCplt  stm32f1xx_hal_uart.o
    0x0800461e   0x0800461e   0x00000020   Code   RO         1816    i.UART_EndRxTransfer  stm32f1xx_hal_uart.o
    0x0800463e   0x0800463e   0x00000020   Code   RO         1817    i.UART_EndTransmit_IT  stm32f1xx_hal_uart.o
    0x0800465e   0x0800465e   0x00000014   Code   RO         1818    i.UART_EndTxTransfer  stm32f1xx_hal_uart.o
    0x08004672   0x08004672   0x000000a6   Code   RO         1819    i.UART_Receive_IT   stm32f1xx_hal_uart.o
    0x08004718   0x08004718   0x000001c8   Code   RO         1820    i.UART_SetConfig    stm32f1xx_hal_uart.o
    0x080048e0   0x080048e0   0x00000068   Code   RO         1821    i.UART_Transmit_IT  stm32f1xx_hal_uart.o
    0x08004948   0x08004948   0x0000006c   Code   RO         1822    i.UART_WaitOnFlagUntilTimeout  stm32f1xx_hal_uart.o
    0x080049b4   0x080049b4   0x00000010   Code   RO          467    i.USART1_IRQHandler  stm32f1xx_it.o
    0x080049c4   0x080049c4   0x00000010   Code   RO          468    i.USART2_IRQHandler  stm32f1xx_it.o
    0x080049d4   0x080049d4   0x00000010   Code   RO          469    i.USART3_IRQHandler  stm32f1xx_it.o
    0x080049e4   0x080049e4   0x00000010   Code   RO          470    i.USB_HP_CAN1_TX_IRQHandler  stm32f1xx_it.o
    0x080049f4   0x080049f4   0x00000010   Code   RO          471    i.USB_LP_CAN1_RX0_IRQHandler  stm32f1xx_it.o
    0x08004a04   0x08004a04   0x00000004   Code   RO          472    i.UsageFault_Handler  stm32f1xx_it.o
    0x08004a08   0x08004a08   0x00000020   Code   RO         4089    i.__0printf         mc_w.l(printfa.o)
    0x08004a28   0x08004a28   0x00000028   Code   RO         4171    i.__ARM_fpclassify  m_ws.l(fpclassify.o)
    0x08004a50   0x08004a50   0x000000aa   Code   RO         4187    i.__kernel_poly     m_ws.l(poly.o)
    0x08004afa   0x08004afa   0x00000006   Code   RO         4158    i.__mathlib_dbl_infnan  m_ws.l(dunder.o)
    0x08004b00   0x08004b00   0x00000004   Code   RO         4159    i.__mathlib_dbl_infnan2  m_ws.l(dunder.o)
    0x08004b04   0x08004b04   0x0000000c   Code   RO         4160    i.__mathlib_dbl_invalid  m_ws.l(dunder.o)
    0x08004b10   0x08004b10   0x00000010   Code   RO         4163    i.__mathlib_dbl_underflow  m_ws.l(dunder.o)
    0x08004b20   0x08004b20   0x00000006   Code   RO         4174    i.__mathlib_flt_infnan  m_ws.l(funder.o)
    0x08004b26   0x08004b26   0x00000008   Code   RO         4176    i.__mathlib_flt_invalid  m_ws.l(funder.o)
    0x08004b2e   0x08004b2e   0x0000000e   Code   RO         4260    i.__scatterload_copy  mc_w.l(handlers.o)
    0x08004b3c   0x08004b3c   0x00000002   Code   RO         4261    i.__scatterload_null  mc_w.l(handlers.o)
    0x08004b3e   0x08004b3e   0x0000000e   Code   RO         4262    i.__scatterload_zeroinit  mc_w.l(handlers.o)
    0x08004b4c   0x08004b4c   0x0000000c   Code   RO         4223    i.__set_errno       mc_w.l(errno.o)
    0x08004b58   0x08004b58   0x00000184   Code   RO         4096    i._fp_digits        mc_w.l(printfa.o)
    0x08004cdc   0x08004cdc   0x0000000e   Code   RO         4121    i._is_digit         mc_w.l(scanf_fp.o)
    0x08004cea   0x08004cea   0x00000002   PAD
    0x08004cec   0x08004cec   0x000006dc   Code   RO         4097    i._printf_core      mc_w.l(printfa.o)
    0x080053c8   0x080053c8   0x00000024   Code   RO         4098    i._printf_post_padding  mc_w.l(printfa.o)
    0x080053ec   0x080053ec   0x0000002e   Code   RO         4099    i._printf_pre_padding  mc_w.l(printfa.o)
    0x0800541a   0x0800541a   0x00000002   PAD
    0x0800541c   0x0800541c   0x0000027c   Code   RO         3804    i.acos              m_ws.l(acos.o)
    0x08005698   0x08005698   0x0000011c   Code   RO         3814    i.acosf             m_ws.l(acosf.o)
    0x080057b4   0x080057b4   0x00000220   Code   RO         3822    i.atan              m_ws.l(atan.o)
    0x080059d4   0x080059d4   0x00000180   Code   RO         3832    i.atan2             m_ws.l(atan2.o)
    0x08005b54   0x08005b54   0x000005e4   Code   RO         3641    i.cylib_abb_calc    cylib_abb.o
    0x08006138   0x08006138   0x00000002   Code   RO         3642    i.cylib_abb_init    cylib_abb.o
    0x0800613a   0x0800613a   0x00000002   PAD
    0x0800613c   0x0800613c   0x00000048   Code   RO         3566    i.cylib_angle_get   cylib_angle.o
    0x08006184   0x08006184   0x00000024   Code   RO         3567    i.cylib_angle_init  cylib_angle.o
    0x080061a8   0x080061a8   0x00000038   Code   RO         3568    i.cylib_angle_update  cylib_angle.o
    0x080061e0   0x080061e0   0x000004e4   Code   RO         3751    i.cylib_b_calc      b.o
    0x080066c4   0x080066c4   0x000001e4   Code   RO         3753    i.cylib_b_move      b.o
    0x080068a8   0x080068a8   0x00000044   Code   RO         3496    i.cylib_can_init    cylib_can.o
    0x080068ec   0x080068ec   0x00000002   Code   RO         3699    i.cylib_controller_init  cylib_controller.o
    0x080068ee   0x080068ee   0x00000002   PAD
    0x080068f0   0x080068f0   0x000001f8   Code   RO         3700    i.cylib_controller_move  cylib_controller.o
    0x08006ae8   0x08006ae8   0x000000ac   Code   RO         3189    i.cylib_gcoder_decoder  cylib_gcoder.o
    0x08006b94   0x08006b94   0x00000174   Code   RO         3190    i.cylib_gcoder_decoder_g  cylib_gcoder.o
    0x08006d08   0x08006d08   0x00000040   Code   RO         3191    i.cylib_gcoder_decoder_m  cylib_gcoder.o
    0x08006d48   0x08006d48   0x0000012c   Code   RO         3192    i.cylib_gcoder_decoder_p  cylib_gcoder.o
    0x08006e74   0x08006e74   0x00000002   Code   RO         3193    i.cylib_gcoder_init  cylib_gcoder.o
    0x08006e76   0x08006e76   0x00000030   Code   RO         3194    i.cylib_gcoder_low_to_high  cylib_gcoder.o
    0x08006ea6   0x08006ea6   0x00000008   Code   RO         3195    i.cylib_gcoder_polling  cylib_gcoder.o
    0x08006eae   0x08006eae   0x00000028   Code   RO         3058    i.cylib_init        cylib.o
    0x08006ed6   0x08006ed6   0x00000002   PAD
    0x08006ed8   0x08006ed8   0x00000010   Code   RO         3667    i.cylib_location_init  cylib_location.o
    0x08006ee8   0x08006ee8   0x00000034   Code   RO         3668    i.cylib_location_set  cylib_location.o
    0x08006f1c   0x08006f1c   0x0000003c   Code   RO         3440    i.cylib_serial_init  cylib_serial.o
    0x08006f58   0x08006f58   0x00000070   Code   RO         3441    i.cylib_serial_read  cylib_serial.o
    0x08006fc8   0x08006fc8   0x00000038   Code   RO         3442    i.cylib_serial_rx_callback  cylib_serial.o
    0x08007000   0x08007000   0x00000028   Code   RO         3278    i.cylib_step_motor_block_wait_for_all  cylib_step_motor.o
    0x08007028   0x08007028   0x000000d0   Code   RO         3281    i.cylib_step_motor_init  cylib_step_motor.o
    0x080070f8   0x080070f8   0x00000012   Code   RO         3282    i.cylib_step_motor_io_write  cylib_step_motor.o
    0x0800710a   0x0800710a   0x00000002   PAD
    0x0800710c   0x0800710c   0x00000078   Code   RO         3284    i.cylib_step_motor_run_async_motor0  cylib_step_motor.o
    0x08007184   0x08007184   0x00000088   Code   RO         3285    i.cylib_step_motor_run_async_motor1  cylib_step_motor.o
    0x0800720c   0x0800720c   0x0000008c   Code   RO         3286    i.cylib_step_motor_run_async_motor2  cylib_step_motor.o
    0x08007298   0x08007298   0x00000248   Code   RO         3294    i.cylib_step_motor_timer_callback  cylib_step_motor.o
    0x080074e0   0x080074e0   0x0000000a   Code   RO         3295    i.cylib_step_motor_timer_callback0  cylib_step_motor.o
    0x080074ea   0x080074ea   0x0000000a   Code   RO         3296    i.cylib_step_motor_timer_callback1  cylib_step_motor.o
    0x080074f4   0x080074f4   0x0000000a   Code   RO         3297    i.cylib_step_motor_timer_callback2  cylib_step_motor.o
    0x080074fe   0x080074fe   0x0000007a   Code   RO         3298    i.cylib_step_motor_timer_config  cylib_step_motor.o
    0x08007578   0x08007578   0x00000034   Code   RO         3608    i.cylib_switch_get_status  cylib_switch.o
    0x080075ac   0x080075ac   0x00000002   Code   RO         3609    i.cylib_switch_init  cylib_switch.o
    0x080075ae   0x080075ae   0x00000002   PAD
    0x080075b0   0x080075b0   0x00000020   Code   RO         3443    i.fputc             cylib_serial.o
    0x080075d0   0x080075d0   0x00000180   Code   RO           18    i.main              main.o
    0x08007750   0x08007750   0x0000002c   Code   RO         3114    i.ring_buffer_dequeue  cylib_ringbuffer.o
    0x0800777c   0x0800777c   0x00000038   Code   RO         3115    i.ring_buffer_dequeue_arr  cylib_ringbuffer.o
    0x080077b4   0x080077b4   0x00000016   Code   RO         3153    i.ring_buffer_is_empty  cylib_ringbuffer.o
    0x080077ca   0x080077ca   0x0000001c   Code   RO         3158    i.ring_buffer_is_full  cylib_ringbuffer.o
    0x080077e6   0x080077e6   0x00000032   Code   RO         3118    i.ring_buffer_queue  cylib_ringbuffer.o
    0x08007818   0x08007818   0x0000004c   Code   RO         3840    i.sqrt              m_ws.l(sqrt.o)
    0x08007864   0x08007864   0x0000002c   Code   RO         4191    i.sqrtf             m_ws.l(sqrtf.o)
    0x08007890   0x08007890   0x00000030   Code   RO           19    i.user_delay_us     main.o
    0x080078c0   0x080078c0   0x0000003c   Code   RO           20    i.user_timestamp    main.o
    0x080078fc   0x080078fc   0x00000018   Data   RO         3023    .constdata          system_stm32f1xx.o
    0x08007914   0x08007914   0x00000004   PAD
    0x08007918   0x08007918   0x00000050   Data   RO         3805    .constdata          m_ws.l(acos.o)
    0x08007968   0x08007968   0x00000098   Data   RO         3823    .constdata          m_ws.l(atan.o)
    0x08007a00   0x08007a00   0x00000008   Data   RO         4189    .constdata          m_ws.l(qnan.o)
    0x08007a08   0x08007a08   0x00000040   Data   RO         4256    .constdata          mc_w.l(ctype_c.o)
    0x08007a48   0x08007a48   0x00000020   Data   RO         4258    Region$$Table       anon$$obj.o


    Execution Region RW_IRAM1 (Exec base: 0x20000000, Load base: 0x08007a68, Size: 0x00000dd8, Max: 0x00010000, ABSOLUTE, COMPRESSED[0x000000ac])

    Exec Addr    Load Addr    Size         Type   Attr      Idx    E Section Name        Object

    0x20000000   COMPRESSED   0x00000009   Data   RW         2122    .data               stm32f1xx_hal.o
    0x20000009   COMPRESSED   0x00000003   PAD
    0x2000000c   COMPRESSED   0x00000004   Data   RW         3024    .data               system_stm32f1xx.o
    0x20000010   COMPRESSED   0x00000004   Data   RW         3197    .data               cylib_gcoder.o
    0x20000014   COMPRESSED   0x0000015c   Data   RW         3299    .data               cylib_step_motor.o
    0x20000170   COMPRESSED   0x00000324   Data   RW         3444    .data               cylib_serial.o
    0x20000494   COMPRESSED   0x00000020   Data   RW         3610    .data               cylib_switch.o
    0x200004b4   COMPRESSED   0x00000004   Data   RW         3702    .data               cylib_controller.o
    0x200004b8   COMPRESSED   0x0000000c   Data   RW         3754    .data               b.o
    0x200004c4   COMPRESSED   0x00000004   Data   RW         4212    .data               mc_w.l(stdout.o)
    0x200004c8   COMPRESSED   0x00000004   Data   RW         4224    .data               mc_w.l(errno.o)
    0x200004cc        -       0x00000028   Zero   RW          251    .bss                can.o
    0x200004f4        -       0x00000200   Zero   RW          324    .bss                tim.o
    0x200006f4        -       0x0000018c   Zero   RW          403    .bss                usart.o
    0x20000880        -       0x000000b0   Zero   RW         3196    .bss                cylib_gcoder.o
    0x20000930        -       0x00000044   Zero   RW         3498    .bss                cylib_can.o
    0x20000974        -       0x00000030   Zero   RW         3570    .bss                cylib_angle.o
    0x200009a4        -       0x00000030   Zero   RW         3669    .bss                cylib_location.o
    0x200009d4   COMPRESSED   0x00000004   PAD
    0x200009d8        -       0x00000400   Zero   RW            1    STACK               startup_stm32f103xe.o


==============================================================================

Image component sizes


      Code (inc. data)   RO Data    RW Data    ZI Data      Debug   Object Name

      1736        116          0         12          0       2753   b.o
       236         22          0          0         40       1563   can.o
        40          0          0          0          0        441   cylib.o
      1510        100          0          0          0       2398   cylib_abb.o
       164         18          0          0         48       2664   cylib_angle.o
       280         16          0          0         68       1917   cylib_can.o
       506        114          0          4          0       1552   cylib_controller.o
       966        182          0          4        176      27388   cylib_gcoder.o
        68         10          0          0         48       1768   cylib_location.o
       200          0          0          0          0       4145   cylib_ringbuffer.o
       260         42          0        804          0       4233   cylib_serial.o
      1398         24          0        348          0       8352   cylib_step_motor.o
        54          6          0         32          0       1689   cylib_switch.o
        84          4          0          0          0        718   dma.o
       632         34          0          0          0       1247   gpio.o
       840        116          0          0          0     491487   main.o
        36          8        304          0       1024        784   startup_stm32f103xe.o
       192         36          0          9          0       6341   stm32f1xx_hal.o
      1768          0          0          0          0      12248   stm32f1xx_hal_can.o
       298         22          0          0          0      26075   stm32f1xx_hal_cortex.o
      1684         28          0          0          0       4498   stm32f1xx_hal_dma.o
       860         42          0          0          0       3231   stm32f1xx_hal_gpio.o
        84          8          0          0          0        854   stm32f1xx_hal_msp.o
      1816        108          0          0          0       5796   stm32f1xx_hal_rcc.o
      1420         28          0          0          0      11380   stm32f1xx_hal_tim.o
       102          0          0          0          0       2170   stm32f1xx_hal_tim_ex.o
      1964         26          0          0          0      12010   stm32f1xx_hal_uart.o
       224         72          0          0          0       9114   stm32f1xx_it.o
        88         18         24          4          0       1123   system_stm32f1xx.o
      1216        102          0          0        512       5937   tim.o
       776         74          0          0        396       3149   usart.o

    ----------------------------------------------------------------------
     21534       1376        364       1220       2316     659025   Object Totals
         0          0         32          0          0          0   (incl. Generated)
        32          0          4          3          4          0   (incl. Padding)

    ----------------------------------------------------------------------

      Code (inc. data)   RO Data    RW Data    ZI Data      Debug   Library Member Name

       636         62         80          0          0        188   acos.o
       284         42          0          0          0        120   acosf.o
       544         70        152          0          0        124   atan.o
       384         38          0          0          0        144   atan2.o
        38          6          0          0          0        272   dunder.o
        40          0          0          0          0         68   fpclassify.o
        14          0          0          0          0        136   funder.o
       170          0          0          0          0         96   poly.o
         0          0          8          0          0          0   qnan.o
        76          0          0          0          0         84   sqrt.o
        44          0          0          0          0         80   sqrtf.o
        56          8          0          0          0         84   __0sscanf.o
        86          0          0          0          0          0   __dczerorl2.o
       812          4          0          0          0        112   _scanf.o
        64          0          0          0          0         84   _sgetc.o
        40          6         64          0          0         68   ctype_c.o
         0          0          0          0          0          0   entry.o
         0          0          0          0          0          0   entry10a.o
         0          0          0          0          0          0   entry11a.o
         8          4          0          0          0          0   entry2.o
         4          0          0          0          0          0   entry5.o
         0          0          0          0          0          0   entry7b.o
         0          0          0          0          0          0   entry8b.o
         8          4          0          0          0          0   entry9a.o
        12          6          0          4          0         68   errno.o
        30          0          0          0          0          0   handlers.o
        36          8          0          0          0         68   init.o
        10          0          0          0          0         68   isspace_c.o
         0          0          0          0          0          0   iusefp.o
        30          0          0          0          0         68   llshl.o
        36          0          0          0          0         68   llsshr.o
        32          0          0          0          0         68   llushr.o
        36          0          0          0          0        108   memseta.o
      2258         90          0          0          0        452   printfa.o
        40          8          0          0          0         84   scanf_char.o
       878         12          0          0          0        216   scanf_fp.o
         0          0          0          4          0          0   stdout.o
        14          0          0          0          0         68   strlen.o
        44          0          0          0          0         80   uidiv.o
        98          0          0          0          0         92   uldiv.o
        48          0          0          0          0         68   cdcmple.o
        48          0          0          0          0         68   cdrcmple.o
        20          0          0          0          0         68   cfcmple.o
        20          0          0          0          0         68   cfrcmple.o
        56          0          0          0          0         88   d2f.o
       334          0          0          0          0        148   dadd.o
       222          0          0          0          0        100   ddiv.o
       186          0          0          0          0        176   depilogue.o
        62          0          0          0          0         80   dfixi.o
        48          0          0          0          0         68   dfixul.o
        24          0          0          0          0         76   dfltul.o
       228          0          0          0          0         96   dmul.o
        46          0          0          0          0         80   dscalb.o
       162          0          0          0          0        100   dsqrt.o
        38          0          0          0          0         68   f2d.o
       176          0          0          0          0        140   fadd.o
       124          0          0          0          0         88   fdiv.o
       110          0          0          0          0        168   fepilogue.o
        50          0          0          0          0         68   ffixi.o
        40          0          0          0          0         68   ffixui.o
       100          0          0          0          0         76   fmul.o
        24          0          0          0          0         68   fscalb.o
        94          0          0          0          0         96   fsqrt.o

    ----------------------------------------------------------------------
      9134        368        304          8          0       5292   Library Totals
        12          0          0          0          0          0   (incl. Padding)

    ----------------------------------------------------------------------

      Code (inc. data)   RO Data    RW Data    ZI Data      Debug   Library Name

      2230        218        240          0          0       1312   m_ws.l
      4632        150         64          8          0       1856   mc_w.l
      2260          0          0          0          0       2124   mf_w.l

    ----------------------------------------------------------------------
      9134        368        304          8          0       5292   Library Totals

    ----------------------------------------------------------------------

==============================================================================


      Code (inc. data)   RO Data    RW Data    ZI Data      Debug   

     30668       1744        668       1228       2316     652901   Grand Totals
     30668       1744        668        172       2316     652901   ELF Image Totals (compressed)
     30668       1744        668        172          0          0   ROM Totals

==============================================================================

    Total RO  Size (Code + RO Data)                31336 (  30.60kB)
    Total RW  Size (RW Data + ZI Data)              3544 (   3.46kB)
    Total ROM Size (Code + RO Data + RW Data)      31508 (  30.77kB)

==============================================================================

